Microchip MPLAB XC8 Compiler V1.32 ()

Linker command line:

--edf=C:\Program Files (x86)\Microchip\xc8\v1.32\dat\en_msgs.txt -cs \
  -h+dist/default/production\Example_4.2.X.production.sym \
  --cmf=dist/default/production\Example_4.2.X.production.cmf -z -Q18F4550 \
  -oC:\Users\tbi\AppData\Local\Temp\s4as.6 \
  -Mdist/default/production/Example_4.2.X.production.map -E1 -ver=XC8 \
  -ASTACK=060h-07ffh -pstack=STACK -ACODE=00h-07FFFh -ACONST=00h-07FFFh \
  -ASMALLCONST=0800h-08FFhx120 -AMEDIUMCONST=0800h-07FFFh -ACOMRAM=01h-05Fh \
  -AABS1=00h-07FFh -ABIGRAM=01h-07FFh -ARAM=060h-0FFh,0100h-01FFhx7 \
  -ABANK0=060h-0FFh -ABANK1=0100h-01FFh -ABANK2=0200h-02FFh \
  -ABANK3=0300h-03FFh -ABANK4=0400h-04FFh -ABANK5=0500h-05FFh \
  -ABANK6=0600h-06FFh -ABANK7=0700h-07FFh -ASFR=0F60h-0FFFh \
  -preset_vec=00h,intcode,intcodelo,powerup,init,end_init -pramtop=0800h \
  -psmallconst=SMALLCONST -pmediumconst=MEDIUMCONST -pconst=CONST \
  -AFARRAM=00h-00h -ACONFIG=0300000h-030000Dh -pconfig=CONFIG \
  -AIDLOC=0200000h-0200007h -pidloc=IDLOC -AEEDATA=0F00000h-0F000FFh \
  -peeprom_data=EEDATA \
  -prdata=COMRAM,nvrram=COMRAM,nvbit=COMRAM,rbss=COMRAM,rbit=COMRAM \
  -pfarbss=FARRAM,fardata=FARRAM,nvFARRAM=FARRAM \
  -pintsave_regs=BIGRAM,bigbss=BIGRAM,bigdata=BIGRAM -pbss=RAM \
  -pidata=CODE,irdata=CODE,ibigdata=CODE,ifardata=CODE \
  C:\Users\tbi\AppData\Local\Temp\s4as.obj \
  dist/default/production\Example_4.2.X.production.obj 

Object code version is 3.11

Machine type is 18F4550

Call graph: (short form)




                Name                               Link     Load   Length Selector   Space Scale
C:\Users\tbi\AppData\Local\Temp\s4as.obj
                end_init                              0        0        4        0       0
                idloc                            200000   200000        8   200000       0
                config                           300000   300000        E   300000       0
dist/default/production\Example_4.2.X.production.obj
                text21                             7508     7508        C     3A84       0
                text20                             74EA     74EA        4     3A75       0
                text19                             74FE     74FE        A     3A7F       0
                text18                             78FE     78FE       A8     3C7F       0
                text17                             75D2     75D2       48     3AE9       0
                text16                             7A7A     7A7A       D6     3D3D       0
                text15                             7C32     7C32       E4     3E19       0
                text14                             76CC     76CC       7C     3B66       0
                text13                             7514     7514       16     3A8A       0
                text12                             74EE     74EE        8     3A77       0
                text11                             785A     785A       A4     3C2D       0
                text10                             77CA     77CA       90     3BE5       0
                text9                              7E54     7E54      1AC     3F2A       0
                text8                              754A     754A       26     3AA5       0
                text7                              79A6     79A6       D4     3CD3       0
                text6                              7D16     7D16      13E     3E8B       0
                text5                              7B50     7B50       E2     3DA8       0
                text4                              761A     761A       54     3B0D       0
                text3                              752A     752A       20     3A95       0
                text2                              7748     7748       82     3BA4       0
                text1                              766E     766E       5E     3B37       0
                text0                              7570     7570       30     3AB8       0
                cstackCOMRAM                          1        1       3E        1       1
                dataCOMRAM                           3F       3F        8        1       1
                bssCOMRAM                            47       47        4        1       1
                cinit                              75A0     75A0       32     3AD0       0
                idataCOMRAM                        74F6     74F6        8     74F6       0

TOTAL           Name                               Link     Load   Length     Space
        CLASS   STACK          

        CLASS   CODE           
                end_init                              0        0        4         0
                text21                             7508     7508        C         0
                text20                             74EA     74EA        4         0
                text19                             74FE     74FE        A         0
                text18                             78FE     78FE       A8         0
                text17                             75D2     75D2       48         0
                text16                             7A7A     7A7A       D6         0
                text15                             7C32     7C32       E4         0
                text14                             76CC     76CC       7C         0
                text13                             7514     7514       16         0
                text12                             74EE     74EE        8         0
                text11                             785A     785A       A4         0
                text10                             77CA     77CA       90         0
                text9                              7E54     7E54      1AC         0
                text8                              754A     754A       26         0
                text7                              79A6     79A6       D4         0
                text6                              7D16     7D16      13E         0
                text5                              7B50     7B50       E2         0
                text4                              761A     761A       54         0
                text3                              752A     752A       20         0
                text2                              7748     7748       82         0
                text1                              766E     766E       5E         0
                text0                              7570     7570       30         0
                cinit                              75A0     75A0       32         0
                idataCOMRAM                        74F6     74F6        8         0

        CLASS   CONST          

        CLASS   SMALLCONST     

        CLASS   MEDIUMCONST    

        CLASS   COMRAM         
                cstackCOMRAM                          1        1       3E         1
                dataCOMRAM                           3F       3F        8         1
                bssCOMRAM                            47       47        4         1

        CLASS   ABS1           

        CLASS   BIGRAM         

        CLASS   RAM            

        CLASS   BANK0          

        CLASS   BANK1          

        CLASS   BANK2          

        CLASS   BANK3          

        CLASS   BANK4          

        CLASS   BANK5          

        CLASS   BANK6          

        CLASS   BANK7          

        CLASS   SFR            

        CLASS   FARRAM         

        CLASS   CONFIG         
                config                           300000   300000        E         0

        CLASS   IDLOC          
                idloc                            200000   200000        8         0

        CLASS   EEDATA         



SEGMENTS        Name                           Load    Length   Top    Selector   Space  Class

                reset_vec                      000000  000004  000004         0       0  CODE    
                cstackCOMRAM                   000001  00004A  00004B         1       1  COMRAM  
                text20                         0074EA  000004  0074EE      3A75       0  CODE    
                text12                         0074EE  000008  0074F6      3A77       0  CODE    
                idataCOMRAM                    0074F6  000008  0074FE      74F6       0  CODE    
                text19                         0074FE  00000A  007508      3A7F       0  CODE    
                text21                         007508  00000C  007514      3A84       0  CODE    
                text13                         007514  000016  00752A      3A8A       0  CODE    
                text3                          00752A  000020  00754A      3A95       0  CODE    
                text8                          00754A  000026  007570      3AA5       0  CODE    
                text0                          007570  000030  0075A0      3AB8       0  CODE    
                cinit                          0075A0  000032  0075D2      3AD0       0  CODE    
                text17                         0075D2  000048  00761A      3AE9       0  CODE    
                text4                          00761A  000054  00766E      3B0D       0  CODE    
                text1                          00766E  00005E  0076CC      3B37       0  CODE    
                text14                         0076CC  00007C  007748      3B66       0  CODE    
                text2                          007748  000082  0077CA      3BA4       0  CODE    
                text10                         0077CA  000090  00785A      3BE5       0  CODE    
                text11                         00785A  0000A4  0078FE      3C2D       0  CODE    
                text18                         0078FE  0000A8  0079A6      3C7F       0  CODE    
                text7                          0079A6  0000D4  007A7A      3CD3       0  CODE    
                text16                         007A7A  0000D6  007B50      3D3D       0  CODE    
                text5                          007B50  0000E2  007C32      3DA8       0  CODE    
                text15                         007C32  0000E4  007D16      3E19       0  CODE    
                text6                          007D16  00013E  007E54      3E8B       0  CODE    
                text9                          007E54  0001AC  008000      3F2A       0  CODE    
                idloc                          200000  000008  200008    200000       0  IDLOC   
                config                         300000  00000E  30000E    300000       0  CONFIG  


UNUSED ADDRESS RANGES

        Name                Unused          Largest block    Delta
        BANK0            000060-0000FF               A0
        BANK1            000100-0001FF              100
        BANK2            000200-0002FF              100
        BANK3            000300-0003FF              100
        BANK4            000400-0004FF              100
        BANK5            000500-0005FF              100
        BANK6            000600-0006FF              100
        BANK7            000700-0007FF              100
        BIGRAM           00004B-0007FF              7B5
        CODE             000004-0074E9             74E6
        COMRAM           00004B-00005F               15
        CONST            000004-0074E9             74E6
        EEDATA           F00000-F000FF              100
        MEDIUMCONST      000800-0074E9             6CEA
        RAM              000060-0007FF              100
        SFR              000F60-000FFF               A0
        SMALLCONST       000800-0074E9              100
        STACK            000060-0007FF              7A0

                                  Symbol Table

?_ADC_Value              cstackCOMRAM 000027
?_ReadADC                cstackCOMRAM 000001
?___awdiv                cstackCOMRAM 000001
?___awmod                cstackCOMRAM 000001
?___awtoft               cstackCOMRAM 000009
?___ftadd                cstackCOMRAM 000010
?___ftdiv                cstackCOMRAM 000018
?___ftmul                cstackCOMRAM 000009
?___ftneg                cstackCOMRAM 00000D
?___ftpack               cstackCOMRAM 000001
?___fttol                cstackCOMRAM 000018
ADC_Value@value          cstackCOMRAM 00002A
Delay10KTCYx@unit        cstackCOMRAM 000002
Display@F23              dataCOMRAM   00003F
Display@array            cstackCOMRAM 000038
Display@val              cstackCOMRAM 000035
Display@x                cstackCOMRAM 00003D
DisplayValue@Number      cstackCOMRAM 000001
Float_digit@arr          cstackCOMRAM 000027
Float_digit@b            cstackCOMRAM 000029
Float_digit@d            cstackCOMRAM 000033
Float_digit@f            cstackCOMRAM 000030
NumDisplay@Number        cstackCOMRAM 000003
NumDisplay@Segment       cstackCOMRAM 000002
OpenADC@config           cstackCOMRAM 000005
OpenADC@config2          cstackCOMRAM 000001
OpenADC@portconfig       cstackCOMRAM 000002
Segment_init@Segment     cstackCOMRAM 000001
_ADCON0                  (abs)        000FC2
_ADCON0bits              (abs)        000FC2
_ADCON1                  (abs)        000FC1
_ADCON2                  (abs)        000FC0
_ADC_Value               text14       0076CC
_ADRESH                  (abs)        000FC4
_ADRESL                  (abs)        000FC3
_BusyADC                 text21       007508
_ConvertADC              text20       0074EA
_Delay10KTCYx            text13       007514
_Delay_s_                text12       0074EE
_Display                 text2        007748
_DisplayValue            text5        007B50
_Float_digit             text6        007D16
_INTCONbits              (abs)        000FF2
_LATBbits                (abs)        000F8A
_LATD                    (abs)        000F8C
_NumDisplay              text3        00752A
_OpenADC                 text1        00766E
_PIE1bits                (abs)        000F9D
_PIR1bits                (abs)        000F9E
_ReadADC                 text19       0074FE
_Segment_init            text4        00761A
_TRISBbits               (abs)        000F93
_TRISD                   (abs)        000F95
__CFG_BOR$ON             (abs)        000000
__CFG_BORV$3             (abs)        000000
__CFG_CCP2MX$OFF         (abs)        000000
__CFG_CP0$OFF            (abs)        000000
__CFG_CP1$OFF            (abs)        000000
__CFG_CP2$OFF            (abs)        000000
__CFG_CP3$OFF            (abs)        000000
__CFG_CPB$OFF            (abs)        000000
__CFG_CPD$OFF            (abs)        000000
__CFG_CPUDIV$OSC1_PLL2   (abs)        000000
__CFG_EBTR0$OFF          (abs)        000000
__CFG_EBTR1$OFF          (abs)        000000
__CFG_EBTR2$OFF          (abs)        000000
__CFG_EBTR3$OFF          (abs)        000000
__CFG_EBTRB$OFF          (abs)        000000
__CFG_FCMEN$OFF          (abs)        000000
__CFG_FOSC$HS            (abs)        000000
__CFG_ICPRT$OFF          (abs)        000000
__CFG_IESO$OFF           (abs)        000000
__CFG_LPT1OSC$OFF        (abs)        000000
__CFG_LVP$OFF            (abs)        000000
__CFG_MCLRE$ON           (abs)        000000
__CFG_PBADEN$OFF         (abs)        000000
__CFG_PLLDIV$5           (abs)        000000
__CFG_PWRT$OFF           (abs)        000000
__CFG_STVREN$ON          (abs)        000000
__CFG_USBDIV$1           (abs)        000000
__CFG_VREGEN$OFF         (abs)        000000
__CFG_WDT$OFF            (abs)        000000
__CFG_WDTPS$32768        (abs)        000000
__CFG_WRT0$OFF           (abs)        000000
__CFG_WRT1$OFF           (abs)        000000
__CFG_WRT2$OFF           (abs)        000000
__CFG_WRT3$OFF           (abs)        000000
__CFG_WRTB$OFF           (abs)        000000
__CFG_WRTC$OFF           (abs)        000000
__CFG_WRTD$OFF           (abs)        000000
__CFG_XINST$OFF          (abs)        000000
__HRAM                   (abs)        000000
__Habs1                  abs1         000000
__Hbank0                 bank0        000000
__Hbank1                 bank1        000000
__Hbank2                 bank2        000000
__Hbank3                 bank3        000000
__Hbank4                 bank4        000000
__Hbank5                 bank5        000000
__Hbank6                 bank6        000000
__Hbank7                 bank7        000000
__Hbigbss                bigbss       000000
__Hbigdata               bigdata      000000
__Hbigram                bigram       000000
__Hbss                   bss          000000
__HbssCOMRAM             bssCOMRAM    000000
__Hcinit                 cinit        000000
__Hclrtext               clrtext      000000
__Hcomram                comram       000000
__Hconfig                config       30000E
__Hconst                 const        000000
__HcstackCOMRAM          cstackCOMRAM 000000
__Hdata                  data         000000
__HdataCOMRAM            dataCOMRAM   000000
__Heeprom_data           eeprom_data  000000
__Hend_init              end_init     000004
__Hfarbss                farbss       000000
__Hfardata               fardata      000000
__Hibigdata              ibigdata     000000
__Hidata                 idata        000000
__HidataCOMRAM           idataCOMRAM  000000
__Hidloc                 idloc        200008
__Hifardata              ifardata     000000
__Hinit                  init         000000
__Hintcode               intcode      000000
__Hintcode_body          intcode_body 000000
__Hintcodelo             intcodelo    000000
__Hintentry              intentry     000000
__Hintret                intret       000000
__Hintsave_regs          intsave_regs 000000
__Hirdata                irdata       000000
__Hmediumconst           mediumconst  000000
__HnvFARRAM              nvFARRAM     000000
__Hnvbit                 nvbit        000000
__Hnvrram                nvrram       000000
__Hparam                 rparam       000000
__Hpowerup               powerup      000000
__Hram                   ram          000000
__Hramtop                ramtop       000800
__Hrbit                  rbit         000000
__Hrbss                  rbss         000000
__Hrdata                 rdata        000000
__Hreset_vec             reset_vec    000000
__Hrparam                rparam       000000
__Hsfr                   sfr          000000
__Hsmallconst            smallconst   000000
__Hspace_0               (abs)        30000E
__Hspace_1               (abs)        00004B
__Hspace_2               (abs)        000000
__Hstack                 stack        000000
__Hstruct                struct       000000
__Htemp                  temp         000000
__Htext                  text         000000
__Htext0                 text0        000000
__Htext1                 text1        000000
__Htext10                text10       000000
__Htext11                text11       000000
__Htext12                text12       000000
__Htext13                text13       000000
__Htext14                text14       000000
__Htext15                text15       000000
__Htext16                text16       000000
__Htext17                text17       000000
__Htext18                text18       000000
__Htext19                text19       000000
__Htext2                 text2        000000
__Htext20                text20       000000
__Htext21                text21       000000
__Htext3                 text3        000000
__Htext4                 text4        000000
__Htext5                 text5        000000
__Htext6                 text6        000000
__Htext7                 text7        000000
__Htext8                 text8        000000
__Htext9                 text9        000000
__LRAM                   (abs)        000001
__Labs1                  abs1         000000
__Lbank0                 bank0        000000
__Lbank1                 bank1        000000
__Lbank2                 bank2        000000
__Lbank3                 bank3        000000
__Lbank4                 bank4        000000
__Lbank5                 bank5        000000
__Lbank6                 bank6        000000
__Lbank7                 bank7        000000
__Lbigbss                bigbss       000000
__Lbigdata               bigdata      000000
__Lbigram                bigram       000000
__Lbss                   bss          000000
__LbssCOMRAM             bssCOMRAM    000000
__Lcinit                 cinit        000000
__Lclrtext               clrtext      000000
__Lcomram                comram       000000
__Lconfig                config       300000
__Lconst                 const        000000
__LcstackCOMRAM          cstackCOMRAM 000000
__Ldata                  data         000000
__LdataCOMRAM            dataCOMRAM   000000
__Leeprom_data           eeprom_data  000000
__Lend_init              end_init     000000
__Lfarbss                farbss       000000
__Lfardata               fardata      000000
__Libigdata              ibigdata     000000
__Lidata                 idata        000000
__LidataCOMRAM           idataCOMRAM  000000
__Lidloc                 idloc        200000
__Lifardata              ifardata     000000
__Linit                  init         000000
__Lintcode               intcode      000000
__Lintcode_body          intcode_body 000000
__Lintcodelo             intcodelo    000000
__Lintentry              intentry     000000
__Lintret                intret       000000
__Lintsave_regs          intsave_regs 000000
__Lirdata                irdata       000000
__Lmediumconst           mediumconst  000000
__LnvFARRAM              nvFARRAM     000000
__Lnvbit                 nvbit        000000
__Lnvrram                nvrram       000000
__Lparam                 rparam       000000
__Lpowerup               powerup      000000
__Lram                   ram          000000
__Lramtop                ramtop       000800
__Lrbit                  rbit         000000
__Lrbss                  rbss         000000
__Lrdata                 rdata        000000
__Lreset_vec             reset_vec    000000
__Lrparam                rparam       000000
__Lsfr                   sfr          000000
__Lsmallconst            smallconst   000000
__Lspace_0               (abs)        000000
__Lspace_1               (abs)        000000
__Lspace_2               (abs)        000000
__Lstack                 stack        000000
__Lstruct                struct       000000
__Ltemp                  temp         000000
__Ltext                  text         000000
__Ltext0                 text0        000000
__Ltext1                 text1        000000
__Ltext10                text10       000000
__Ltext11                text11       000000
__Ltext12                text12       000000
__Ltext13                text13       000000
__Ltext14                text14       000000
__Ltext15                text15       000000
__Ltext16                text16       000000
__Ltext17                text17       000000
__Ltext18                text18       000000
__Ltext19                text19       000000
__Ltext2                 text2        000000
__Ltext20                text20       000000
__Ltext21                text21       000000
__Ltext3                 text3        000000
__Ltext4                 text4        000000
__Ltext5                 text5        000000
__Ltext6                 text6        000000
__Ltext7                 text7        000000
__Ltext8                 text8        000000
__Ltext9                 text9        000000
__S0                     (abs)        30000E
__S1                     (abs)        00004B
__S2                     (abs)        000000
___awdiv                 text11       00785A
___awdiv@counter         cstackCOMRAM 000005
___awdiv@dividend        cstackCOMRAM 000001
___awdiv@divisor         cstackCOMRAM 000003
___awdiv@quotient        cstackCOMRAM 000007
___awdiv@sign            cstackCOMRAM 000006
___awmod                 text10       0077CA
___awmod@counter         cstackCOMRAM 000005
___awmod@dividend        cstackCOMRAM 000001
___awmod@divisor         cstackCOMRAM 000003
___awmod@sign            cstackCOMRAM 000006
___awtoft                text17       0075D2
___awtoft@c              cstackCOMRAM 000009
___awtoft@sign           cstackCOMRAM 00000C
___ftadd                 text9        007E54
___ftadd@exp1            cstackCOMRAM 00001B
___ftadd@exp2            cstackCOMRAM 00001A
___ftadd@f1              cstackCOMRAM 000010
___ftadd@f2              cstackCOMRAM 000013
___ftadd@sign            cstackCOMRAM 000019
___ftdiv                 text16       007A7A
___ftdiv@cntr            cstackCOMRAM 000024
___ftdiv@exp             cstackCOMRAM 000025
___ftdiv@f1              cstackCOMRAM 000018
___ftdiv@f2              cstackCOMRAM 00001B
___ftdiv@f3              cstackCOMRAM 000021
___ftdiv@sign            cstackCOMRAM 000026
___ftmul                 text15       007C32
___ftmul@cntr            cstackCOMRAM 000016
___ftmul@exp             cstackCOMRAM 000015
___ftmul@f1              cstackCOMRAM 000009
___ftmul@f2              cstackCOMRAM 00000C
___ftmul@f3_as_product   cstackCOMRAM 000012
___ftmul@sign            cstackCOMRAM 000017
___ftneg                 text8        00754A
___ftneg@f1              cstackCOMRAM 00000D
___ftpack                text18       0078FE
___ftpack@arg            cstackCOMRAM 000001
___ftpack@exp            cstackCOMRAM 000004
___ftpack@sign           cstackCOMRAM 000005
___fttol                 text7        0079A6
___fttol@exp1            cstackCOMRAM 000026
___fttol@f1              cstackCOMRAM 000018
___fttol@lval            cstackCOMRAM 000022
___fttol@sign1           cstackCOMRAM 000021
___inthi_sp              stack        000000
___intlo_sp              stack        000000
___sp                    stack        000000
__accesstop              (abs)        000060
__activetblptr           (abs)        000002
__end_of_ADC_Value       text14       007748
__end_of_BusyADC         text21       007514
__end_of_ConvertADC      text20       0074EE
__end_of_Delay10KTCYx    text13       00752A
__end_of_Delay_s_        text12       0074F6
__end_of_Display         text2        0077CA
__end_of_DisplayValue    text5        007C32
__end_of_Float_digit     text6        007E54
__end_of_NumDisplay      text3        00754A
__end_of_OpenADC         text1        0076CC
__end_of_ReadADC         text19       007508
__end_of_Segment_init    text4        00766E
__end_of___awdiv         text11       0078FE
__end_of___awmod         text10       00785A
__end_of___awtoft        text17       00761A
__end_of___ftadd         text9        008000
__end_of___ftdiv         text16       007B50
__end_of___ftmul         text15       007D16
__end_of___ftneg         text8        007570
__end_of___ftpack        text18       0079A6
__end_of___fttol         text7        007A7A
__end_of__initialization cinit        0075C8
__end_of_main            text0        0075A0
__initialization         cinit        0075A0
__mediumconst            mediumconst  000000
__pbssCOMRAM             bssCOMRAM    000047
__pcinit                 cinit        0075A0
__pcstackCOMRAM          cstackCOMRAM 000001
__pdataCOMRAM            dataCOMRAM   00003F
__pidataCOMRAM           idataCOMRAM  0074F6
__ptext0                 text0        007570
__ptext1                 text1        00766E
__ptext10                text10       0077CA
__ptext11                text11       00785A
__ptext12                text12       0074EE
__ptext13                text13       007514
__ptext14                text14       0076CC
__ptext15                text15       007C32
__ptext16                text16       007A7A
__ptext17                text17       0075D2
__ptext18                text18       0078FE
__ptext19                text19       0074FE
__ptext2                 text2        007748
__ptext20                text20       0074EA
__ptext21                text21       007508
__ptext3                 text3        00752A
__ptext4                 text4        00761A
__ptext5                 text5        007B50
__ptext6                 text6        007D16
__ptext7                 text7        0079A6
__ptext8                 text8        00754A
__ptext9                 text9        007E54
__ramtop                 ramtop       000800
__size_of_ADC_Value      (abs)        000000
__size_of_BusyADC        (abs)        000000
__size_of_ConvertADC     (abs)        000000
__size_of_Delay10KTCYx   (abs)        000000
__size_of_Delay_s_       (abs)        000000
__size_of_Display        (abs)        000000
__size_of_DisplayValue   (abs)        000000
__size_of_Float_digit    (abs)        000000
__size_of_NumDisplay     (abs)        000000
__size_of_OpenADC        (abs)        000000
__size_of_ReadADC        (abs)        000000
__size_of_Segment_init   (abs)        000000
__size_of___awdiv        (abs)        000000
__size_of___awmod        (abs)        000000
__size_of___awtoft       (abs)        000000
__size_of___ftadd        (abs)        000000
__size_of___ftdiv        (abs)        000000
__size_of___ftmul        (abs)        000000
__size_of___ftneg        (abs)        000000
__size_of___ftpack       (abs)        000000
__size_of___fttol        (abs)        000000
__size_of_main           (abs)        000000
__smallconst             smallconst   000000
_config_1                dataCOMRAM   000044
_config_2                dataCOMRAM   000045
_dot                     bssCOMRAM    00004A
_main                    text0        007570
_portconfig              dataCOMRAM   000046
_value                   bssCOMRAM    000047
end_of_initialization    cinit        0075C8
intlevel0                text         000000
intlevel1                text         000000
intlevel2                text         000000
intlevel3                text         000000
stackhi                  (abs)        0007FF
stacklo                  (abs)        000060
start                    init         000000
start_initialization     cinit        0075A0


FUNCTION INFORMATION:

 *************** function _main *****************
 Defined at:
		line 60 in file "main.c"
 Parameters:    Size  Location     Type
		None
 Auto vars:     Size  Location     Type
		None
 Return value:  Size  Location     Type
		None               void
 Registers used:
		wreg, fsr1l, fsr1h, fsr2l, fsr2h, status,2, status,0, prodl, cstack
 Tracked objects:
		On entry : 
		On exit  : 
		Unchanged: 
 Data sizes:     COMRAM   BANK0   BANK1   BANK2   BANK3   BANK4   BANK5   BANK6   BANK7
      Params:         0       0       0       0       0       0       0       0       0
      Locals:         0       0       0       0       0       0       0       0       0
      Temps:          0       0       0       0       0       0       0       0       0
      Totals:         0       0       0       0       0       0       0       0       0
Total ram usage:        0 bytes
 Hardware stack levels required when called:    4
 This function calls:
		_ADC_Value
		_Display
		_OpenADC
 This function is called by:
		Startup code after reset
 This function uses a non-reentrant model


 *************** function _OpenADC *****************
 Defined at:
		line 68 in file "C:\Program Files (x86)\Microchip\xc8\v1.32\sources\pic18\plib\ADC\adcopen.c"
 Parameters:    Size  Location     Type
  config          1    wreg     unsigned char 
  config2         1    0[COMRAM] unsigned char 
  portconfig      1    1[COMRAM] unsigned char 
 Auto vars:     Size  Location     Type
  config          1    4[COMRAM] unsigned char 
 Return value:  Size  Location     Type
		None               void
 Registers used:
		wreg, status,2, status,0
 Tracked objects:
		On entry : 
		On exit  : 
		Unchanged: 
 Data sizes:     COMRAM   BANK0   BANK1   BANK2   BANK3   BANK4   BANK5   BANK6   BANK7
      Params:         2       0       0       0       0       0       0       0       0
      Locals:         1       0       0       0       0       0       0       0       0
      Temps:          2       0       0       0       0       0       0       0       0
      Totals:         5       0       0       0       0       0       0       0       0
Total ram usage:        5 bytes
 Hardware stack levels used:    1
 This function calls:
		Nothing
 This function is called by:
		_main
 This function uses a non-reentrant model


 *************** function _Display *****************
 Defined at:
		line 34 in file "display.c"
 Parameters:    Size  Location     Type
  val             3   52[COMRAM] float 
 Auto vars:     Size  Location     Type
  array           5   55[COMRAM] unsigned char [5]
  x               2   60[COMRAM] int 
 Return value:  Size  Location     Type
		None               void
 Registers used:
		wreg, fsr1l, fsr1h, fsr2l, fsr2h, status,2, status,0, prodl, cstack
 Tracked objects:
		On entry : 
		On exit  : 
		Unchanged: 
 Data sizes:     COMRAM   BANK0   BANK1   BANK2   BANK3   BANK4   BANK5   BANK6   BANK7
      Params:         3       0       0       0       0       0       0       0       0
      Locals:         7       0       0       0       0       0       0       0       0
      Temps:          0       0       0       0       0       0       0       0       0
      Totals:        10       0       0       0       0       0       0       0       0
Total ram usage:       10 bytes
 Hardware stack levels used:    1
 Hardware stack levels required when called:    3
 This function calls:
		_Delay_s_
		_Float_digit
		_NumDisplay
 This function is called by:
		_main
 This function uses a non-reentrant model


 *************** function _NumDisplay *****************
 Defined at:
		line 176 in file "segment.c"
 Parameters:    Size  Location     Type
  Number          1    wreg     unsigned char 
  Segment         1    1[COMRAM] unsigned char 
 Auto vars:     Size  Location     Type
  Number          1    2[COMRAM] unsigned char 
 Return value:  Size  Location     Type
		None               void
 Registers used:
		wreg, status,2, status,0, cstack
 Tracked objects:
		On entry : 
		On exit  : 
		Unchanged: 
 Data sizes:     COMRAM   BANK0   BANK1   BANK2   BANK3   BANK4   BANK5   BANK6   BANK7
      Params:         1       0       0       0       0       0       0       0       0
      Locals:         1       0       0       0       0       0       0       0       0
      Temps:          0       0       0       0       0       0       0       0       0
      Totals:         2       0       0       0       0       0       0       0       0
Total ram usage:        2 bytes
 Hardware stack levels used:    1
 Hardware stack levels required when called:    1
 This function calls:
		_DisplayValue
		_Segment_init
 This function is called by:
		_Display
 This function uses a non-reentrant model


 *************** function _Segment_init *****************
 Defined at:
		line 55 in file "segment.c"
 Parameters:    Size  Location     Type
  Segment         1    wreg     unsigned char 
 Auto vars:     Size  Location     Type
  Segment         1    0[COMRAM] unsigned char 
 Return value:  Size  Location     Type
		None               void
 Registers used:
		wreg, status,2, status,0
 Tracked objects:
		On entry : 
		On exit  : 
		Unchanged: 
 Data sizes:     COMRAM   BANK0   BANK1   BANK2   BANK3   BANK4   BANK5   BANK6   BANK7
      Params:         0       0       0       0       0       0       0       0       0
      Locals:         1       0       0       0       0       0       0       0       0
      Temps:          0       0       0       0       0       0       0       0       0
      Totals:         1       0       0       0       0       0       0       0       0
Total ram usage:        1 bytes
 Hardware stack levels used:    1
 This function calls:
		Nothing
 This function is called by:
		_NumDisplay
 This function uses a non-reentrant model


 *************** function _DisplayValue *****************
 Defined at:
		line 96 in file "segment.c"
 Parameters:    Size  Location     Type
  Number          1    wreg     unsigned char 
 Auto vars:     Size  Location     Type
  Number          1    0[COMRAM] unsigned char 
 Return value:  Size  Location     Type
		None               void
 Registers used:
		wreg, status,2, status,0
 Tracked objects:
		On entry : 
		On exit  : 
		Unchanged: 
 Data sizes:     COMRAM   BANK0   BANK1   BANK2   BANK3   BANK4   BANK5   BANK6   BANK7
      Params:         0       0       0       0       0       0       0       0       0
      Locals:         1       0       0       0       0       0       0       0       0
      Temps:          0       0       0       0       0       0       0       0       0
      Totals:         1       0       0       0       0       0       0       0       0
Total ram usage:        1 bytes
 Hardware stack levels used:    1
 This function calls:
		Nothing
 This function is called by:
		_NumDisplay
 This function uses a non-reentrant model


 *************** function _Float_digit *****************
 Defined at:
		line 16 in file "display.c"
 Parameters:    Size  Location     Type
  arr             2   38[COMRAM] PTR unsigned char 
		 -> Display@array(5), 
  b               3   40[COMRAM] float 
 Auto vars:     Size  Location     Type
  f               3   47[COMRAM] float 
  d               2   50[COMRAM] int 
 Return value:  Size  Location     Type
		None               void
 Registers used:
		wreg, fsr2l, fsr2h, status,2, status,0, prodl, cstack
 Tracked objects:
		On entry : 
		On exit  : 
		Unchanged: 
 Data sizes:     COMRAM   BANK0   BANK1   BANK2   BANK3   BANK4   BANK5   BANK6   BANK7
      Params:         5       0       0       0       0       0       0       0       0
      Locals:         5       0       0       0       0       0       0       0       0
      Temps:          4       0       0       0       0       0       0       0       0
      Totals:        14       0       0       0       0       0       0       0       0
Total ram usage:       14 bytes
 Hardware stack levels used:    1
 Hardware stack levels required when called:    2
 This function calls:
		___awdiv
		___awmod
		___awtoft
		___ftadd
		___ftmul
		___ftneg
		___fttol
 This function is called by:
		_Display
 This function uses a non-reentrant model


 *************** function ___fttol *****************
 Defined at:
		line 44 in file "C:\Program Files (x86)\Microchip\xc8\v1.32\sources\common\fttol.c"
 Parameters:    Size  Location     Type
  f1              3   23[COMRAM] float 
 Auto vars:     Size  Location     Type
  lval            4   33[COMRAM] unsigned long 
  exp1            1   37[COMRAM] unsigned char 
  sign1           1   32[COMRAM] unsigned char 
 Return value:  Size  Location     Type
                  4   23[COMRAM] long 
 Registers used:
		wreg, status,2, status,0
 Tracked objects:
		On entry : 
		On exit  : 
		Unchanged: 
 Data sizes:     COMRAM   BANK0   BANK1   BANK2   BANK3   BANK4   BANK5   BANK6   BANK7
      Params:         4       0       0       0       0       0       0       0       0
      Locals:         6       0       0       0       0       0       0       0       0
      Temps:          5       0       0       0       0       0       0       0       0
      Totals:        15       0       0       0       0       0       0       0       0
Total ram usage:       15 bytes
 Hardware stack levels used:    1
 This function calls:
		Nothing
 This function is called by:
		_Float_digit
 This function uses a non-reentrant model


 *************** function ___ftneg *****************
 Defined at:
		line 15 in file "C:\Program Files (x86)\Microchip\xc8\v1.32\sources\common\ftneg.c"
 Parameters:    Size  Location     Type
  f1              3   12[COMRAM] float 
 Auto vars:     Size  Location     Type
		None
 Return value:  Size  Location     Type
                  3   12[COMRAM] float 
 Registers used:
		wreg, status,2, status,0
 Tracked objects:
		On entry : 
		On exit  : 
		Unchanged: 
 Data sizes:     COMRAM   BANK0   BANK1   BANK2   BANK3   BANK4   BANK5   BANK6   BANK7
      Params:         3       0       0       0       0       0       0       0       0
      Locals:         0       0       0       0       0       0       0       0       0
      Temps:          0       0       0       0       0       0       0       0       0
      Totals:         3       0       0       0       0       0       0       0       0
Total ram usage:        3 bytes
 Hardware stack levels used:    1
 This function calls:
		Nothing
 This function is called by:
		_Float_digit
 This function uses a non-reentrant model


 *************** function ___ftadd *****************
 Defined at:
		line 86 in file "C:\Program Files (x86)\Microchip\xc8\v1.32\sources\common\ftadd.c"
 Parameters:    Size  Location     Type
  f1              3   15[COMRAM] float 
  f2              3   18[COMRAM] float 
 Auto vars:     Size  Location     Type
  exp1            1   26[COMRAM] unsigned char 
  exp2            1   25[COMRAM] unsigned char 
  sign            1   24[COMRAM] unsigned char 
 Return value:  Size  Location     Type
                  3   15[COMRAM] float 
 Registers used:
		wreg, status,2, status,0, cstack
 Tracked objects:
		On entry : 
		On exit  : 
		Unchanged: 
 Data sizes:     COMRAM   BANK0   BANK1   BANK2   BANK3   BANK4   BANK5   BANK6   BANK7
      Params:         6       0       0       0       0       0       0       0       0
      Locals:         3       0       0       0       0       0       0       0       0
      Temps:          3       0       0       0       0       0       0       0       0
      Totals:        12       0       0       0       0       0       0       0       0
Total ram usage:       12 bytes
 Hardware stack levels used:    1
 Hardware stack levels required when called:    1
 This function calls:
		___ftpack
 This function is called by:
		_Float_digit
 This function uses a non-reentrant model


 *************** function ___awmod *****************
 Defined at:
		line 8 in file "C:\Program Files (x86)\Microchip\xc8\v1.32\sources\common\awmod.c"
 Parameters:    Size  Location     Type
  dividend        2    0[COMRAM] int 
  divisor         2    2[COMRAM] int 
 Auto vars:     Size  Location     Type
  sign            1    5[COMRAM] unsigned char 
  counter         1    4[COMRAM] unsigned char 
 Return value:  Size  Location     Type
                  2    0[COMRAM] int 
 Registers used:
		wreg, status,2, status,0, prodl
 Tracked objects:
		On entry : 
		On exit  : 
		Unchanged: 
 Data sizes:     COMRAM   BANK0   BANK1   BANK2   BANK3   BANK4   BANK5   BANK6   BANK7
      Params:         4       0       0       0       0       0       0       0       0
      Locals:         2       0       0       0       0       0       0       0       0
      Temps:          0       0       0       0       0       0       0       0       0
      Totals:         6       0       0       0       0       0       0       0       0
Total ram usage:        6 bytes
 Hardware stack levels used:    1
 This function calls:
		Nothing
 This function is called by:
		_Float_digit
 This function uses a non-reentrant model


 *************** function ___awdiv *****************
 Defined at:
		line 8 in file "C:\Program Files (x86)\Microchip\xc8\v1.32\sources\common\awdiv.c"
 Parameters:    Size  Location     Type
  dividend        2    0[COMRAM] int 
  divisor         2    2[COMRAM] int 
 Auto vars:     Size  Location     Type
  quotient        2    6[COMRAM] int 
  sign            1    5[COMRAM] unsigned char 
  counter         1    4[COMRAM] unsigned char 
 Return value:  Size  Location     Type
                  2    0[COMRAM] int 
 Registers used:
		wreg, status,2, status,0, prodl
 Tracked objects:
		On entry : 
		On exit  : 
		Unchanged: 
 Data sizes:     COMRAM   BANK0   BANK1   BANK2   BANK3   BANK4   BANK5   BANK6   BANK7
      Params:         4       0       0       0       0       0       0       0       0
      Locals:         4       0       0       0       0       0       0       0       0
      Temps:          0       0       0       0       0       0       0       0       0
      Totals:         8       0       0       0       0       0       0       0       0
Total ram usage:        8 bytes
 Hardware stack levels used:    1
 This function calls:
		Nothing
 This function is called by:
		_Float_digit
 This function uses a non-reentrant model


 *************** function _Delay_s_ *****************
 Defined at:
		line 62 in file "delay.c"
 Parameters:    Size  Location     Type
		None
 Auto vars:     Size  Location     Type
		None
 Return value:  Size  Location     Type
		None               void
 Registers used:
		wreg, cstack
 Tracked objects:
		On entry : 
		On exit  : 
		Unchanged: 
 Data sizes:     COMRAM   BANK0   BANK1   BANK2   BANK3   BANK4   BANK5   BANK6   BANK7
      Params:         0       0       0       0       0       0       0       0       0
      Locals:         0       0       0       0       0       0       0       0       0
      Temps:          0       0       0       0       0       0       0       0       0
      Totals:         0       0       0       0       0       0       0       0       0
Total ram usage:        0 bytes
 Hardware stack levels used:    1
 Hardware stack levels required when called:    1
 This function calls:
		_Delay10KTCYx
 This function is called by:
		_Display
 This function uses a non-reentrant model


 *************** function _Delay10KTCYx *****************
 Defined at:
		line 8 in file "C:\Program Files (x86)\Microchip\xc8\v1.32\sources\pic18\d10ktcyx.c"
 Parameters:    Size  Location     Type
  unit            1    wreg     unsigned char 
 Auto vars:     Size  Location     Type
  unit            1    1[COMRAM] unsigned char 
 Return value:  Size  Location     Type
		None               void
 Registers used:
		wreg
 Tracked objects:
		On entry : 
		On exit  : 
		Unchanged: 
 Data sizes:     COMRAM   BANK0   BANK1   BANK2   BANK3   BANK4   BANK5   BANK6   BANK7
      Params:         0       0       0       0       0       0       0       0       0
      Locals:         1       0       0       0       0       0       0       0       0
      Temps:          1       0       0       0       0       0       0       0       0
      Totals:         2       0       0       0       0       0       0       0       0
Total ram usage:        2 bytes
 Hardware stack levels used:    1
 This function calls:
		Nothing
 This function is called by:
		_Delay_s_
 This function uses a non-reentrant model


 *************** function _ADC_Value *****************
 Defined at:
		line 17 in file "adc_.c"
 Parameters:    Size  Location     Type
		None
 Auto vars:     Size  Location     Type
  value           3   41[COMRAM] float 
 Return value:  Size  Location     Type
                  3   38[COMRAM] float 
 Registers used:
		wreg, status,2, status,0, prodl, cstack
 Tracked objects:
		On entry : 
		On exit  : 
		Unchanged: 
 Data sizes:     COMRAM   BANK0   BANK1   BANK2   BANK3   BANK4   BANK5   BANK6   BANK7
      Params:         3       0       0       0       0       0       0       0       0
      Locals:         3       0       0       0       0       0       0       0       0
      Temps:          0       0       0       0       0       0       0       0       0
      Totals:         6       0       0       0       0       0       0       0       0
Total ram usage:        6 bytes
 Hardware stack levels used:    1
 Hardware stack levels required when called:    2
 This function calls:
		_BusyADC
		_ConvertADC
		_ReadADC
		___awtoft
		___ftdiv
		___ftmul
 This function is called by:
		_main
 This function uses a non-reentrant model


 *************** function ___ftmul *****************
 Defined at:
		line 62 in file "C:\Program Files (x86)\Microchip\xc8\v1.32\sources\common\ftmul.c"
 Parameters:    Size  Location     Type
  f1              3    8[COMRAM] float 
  f2              3   11[COMRAM] float 
 Auto vars:     Size  Location     Type
  f3_as_produc    3   17[COMRAM] unsigned um
  sign            1   22[COMRAM] unsigned char 
  cntr            1   21[COMRAM] unsigned char 
  exp             1   20[COMRAM] unsigned char 
 Return value:  Size  Location     Type
                  3    8[COMRAM] float 
 Registers used:
		wreg, status,2, status,0, cstack
 Tracked objects:
		On entry : 
		On exit  : 
		Unchanged: 
 Data sizes:     COMRAM   BANK0   BANK1   BANK2   BANK3   BANK4   BANK5   BANK6   BANK7
      Params:         6       0       0       0       0       0       0       0       0
      Locals:         6       0       0       0       0       0       0       0       0
      Temps:          3       0       0       0       0       0       0       0       0
      Totals:        15       0       0       0       0       0       0       0       0
Total ram usage:       15 bytes
 Hardware stack levels used:    1
 Hardware stack levels required when called:    1
 This function calls:
		___ftpack
 This function is called by:
		_Float_digit
		_ADC_Value
 This function uses a non-reentrant model


 *************** function ___ftdiv *****************
 Defined at:
		line 49 in file "C:\Program Files (x86)\Microchip\xc8\v1.32\sources\common\ftdiv.c"
 Parameters:    Size  Location     Type
  f1              3   23[COMRAM] float 
  f2              3   26[COMRAM] float 
 Auto vars:     Size  Location     Type
  f3              3   32[COMRAM] float 
  sign            1   37[COMRAM] unsigned char 
  exp             1   36[COMRAM] unsigned char 
  cntr            1   35[COMRAM] unsigned char 
 Return value:  Size  Location     Type
                  3   23[COMRAM] float 
 Registers used:
		wreg, status,2, status,0, cstack
 Tracked objects:
		On entry : 
		On exit  : 
		Unchanged: 
 Data sizes:     COMRAM   BANK0   BANK1   BANK2   BANK3   BANK4   BANK5   BANK6   BANK7
      Params:         6       0       0       0       0       0       0       0       0
      Locals:         6       0       0       0       0       0       0       0       0
      Temps:          3       0       0       0       0       0       0       0       0
      Totals:        15       0       0       0       0       0       0       0       0
Total ram usage:       15 bytes
 Hardware stack levels used:    1
 Hardware stack levels required when called:    1
 This function calls:
		___ftpack
 This function is called by:
		_ADC_Value
 This function uses a non-reentrant model


 *************** function ___awtoft *****************
 Defined at:
		line 32 in file "C:\Program Files (x86)\Microchip\xc8\v1.32\sources\common\awtoft.c"
 Parameters:    Size  Location     Type
  c               2    8[COMRAM] int 
 Auto vars:     Size  Location     Type
  sign            1   11[COMRAM] unsigned char 
 Return value:  Size  Location     Type
                  3    8[COMRAM] float 
 Registers used:
		wreg, status,2, status,0, prodl, cstack
 Tracked objects:
		On entry : 
		On exit  : 
		Unchanged: 
 Data sizes:     COMRAM   BANK0   BANK1   BANK2   BANK3   BANK4   BANK5   BANK6   BANK7
      Params:         3       0       0       0       0       0       0       0       0
      Locals:         1       0       0       0       0       0       0       0       0
      Temps:          0       0       0       0       0       0       0       0       0
      Totals:         4       0       0       0       0       0       0       0       0
Total ram usage:        4 bytes
 Hardware stack levels used:    1
 Hardware stack levels required when called:    1
 This function calls:
		___ftpack
 This function is called by:
		_Float_digit
		_ADC_Value
 This function uses a non-reentrant model


 *************** function ___ftpack *****************
 Defined at:
		line 62 in file "C:\Program Files (x86)\Microchip\xc8\v1.32\sources\common\float.c"
 Parameters:    Size  Location     Type
  arg             3    0[COMRAM] unsigned um
  exp             1    3[COMRAM] unsigned char 
  sign            1    4[COMRAM] unsigned char 
 Auto vars:     Size  Location     Type
		None
 Return value:  Size  Location     Type
                  3    0[COMRAM] float 
 Registers used:
		wreg, status,2, status,0
 Tracked objects:
		On entry : 
		On exit  : 
		Unchanged: 
 Data sizes:     COMRAM   BANK0   BANK1   BANK2   BANK3   BANK4   BANK5   BANK6   BANK7
      Params:         5       0       0       0       0       0       0       0       0
      Locals:         0       0       0       0       0       0       0       0       0
      Temps:          3       0       0       0       0       0       0       0       0
      Totals:         8       0       0       0       0       0       0       0       0
Total ram usage:        8 bytes
 Hardware stack levels used:    1
 This function calls:
		Nothing
 This function is called by:
		___awtoft
		___ftadd
		___ftdiv
		___ftmul
 This function uses a non-reentrant model


 *************** function _ReadADC *****************
 Defined at:
		line 24 in file "C:\Program Files (x86)\Microchip\xc8\v1.32\sources\pic18\plib\ADC\adcread.c"
 Parameters:    Size  Location     Type
		None
 Auto vars:     Size  Location     Type
		None
 Return value:  Size  Location     Type
                  2    0[COMRAM] int 
 Registers used:
		wreg, status,2
 Tracked objects:
		On entry : 
		On exit  : 
		Unchanged: 
 Data sizes:     COMRAM   BANK0   BANK1   BANK2   BANK3   BANK4   BANK5   BANK6   BANK7
      Params:         2       0       0       0       0       0       0       0       0
      Locals:         0       0       0       0       0       0       0       0       0
      Temps:          0       0       0       0       0       0       0       0       0
      Totals:         2       0       0       0       0       0       0       0       0
Total ram usage:        2 bytes
 Hardware stack levels used:    1
 This function calls:
		Nothing
 This function is called by:
		_ADC_Value
 This function uses a non-reentrant model


 *************** function _ConvertADC *****************
 Defined at:
		line 22 in file "C:\Program Files (x86)\Microchip\xc8\v1.32\sources\pic18\plib\ADC\adcconv.c"
 Parameters:    Size  Location     Type
		None
 Auto vars:     Size  Location     Type
		None
 Return value:  Size  Location     Type
		None               void
 Registers used:
		None
 Tracked objects:
		On entry : 
		On exit  : 
		Unchanged: 
 Data sizes:     COMRAM   BANK0   BANK1   BANK2   BANK3   BANK4   BANK5   BANK6   BANK7
      Params:         0       0       0       0       0       0       0       0       0
      Locals:         0       0       0       0       0       0       0       0       0
      Temps:          0       0       0       0       0       0       0       0       0
      Totals:         0       0       0       0       0       0       0       0       0
Total ram usage:        0 bytes
 Hardware stack levels used:    1
 This function calls:
		Nothing
 This function is called by:
		_ADC_Value
 This function uses a non-reentrant model


 *************** function _BusyADC *****************
 Defined at:
		line 26 in file "C:\Program Files (x86)\Microchip\xc8\v1.32\sources\pic18\plib\ADC\adcbusy.c"
 Parameters:    Size  Location     Type
		None
 Auto vars:     Size  Location     Type
		None
 Return value:  Size  Location     Type
                  1    wreg      unsigned char 
 Registers used:
		wreg
 Tracked objects:
		On entry : 
		On exit  : 
		Unchanged: 
 Data sizes:     COMRAM   BANK0   BANK1   BANK2   BANK3   BANK4   BANK5   BANK6   BANK7
      Params:         0       0       0       0       0       0       0       0       0
      Locals:         0       0       0       0       0       0       0       0       0
      Temps:          0       0       0       0       0       0       0       0       0
      Totals:         0       0       0       0       0       0       0       0       0
Total ram usage:        0 bytes
 Hardware stack levels used:    1
 This function calls:
		Nothing
 This function is called by:
		_ADC_Value
 This function uses a non-reentrant model



MODULE INFORMATION

Module		Function		Class		Link	Load	Size
C:\Program Files (x86)\Microchip\xc8\v1.32\sources\common\float.c
		___ftpack      		CODE           	78FE	0000	168

C:\Program Files (x86)\Microchip\xc8\v1.32\sources\common\float.c estimated size: 168

C:\Program Files (x86)\Microchip\xc8\v1.32\sources\common\awtoft.c
		___awtoft      		CODE           	75D2	0000	72

C:\Program Files (x86)\Microchip\xc8\v1.32\sources\common\awtoft.c estimated size: 72

delay.c
		_Delay_s_      		CODE           	74EE	0000	8

delay.c estimated size: 8

C:\Program Files (x86)\Microchip\xc8\v1.32\sources\common\ftmul.c
		___ftmul       		CODE           	7C32	0000	228

C:\Program Files (x86)\Microchip\xc8\v1.32\sources\common\ftmul.c estimated size: 228

C:\Program Files (x86)\Microchip\xc8\v1.32\sources\common\awmod.c
		___awmod       		CODE           	77CA	0000	144

C:\Program Files (x86)\Microchip\xc8\v1.32\sources\common\awmod.c estimated size: 144

C:\Program Files (x86)\Microchip\xc8\v1.32\sources\common\ftdiv.c
		___ftdiv       		CODE           	7A7A	0000	214

C:\Program Files (x86)\Microchip\xc8\v1.32\sources\common\ftdiv.c estimated size: 214

C:\Program Files (x86)\Microchip\xc8\v1.32\sources\pic18\plib\ADC\adcbusy.c
		_BusyADC       		CODE           	7508	0000	12

C:\Program Files (x86)\Microchip\xc8\v1.32\sources\pic18\plib\ADC\adcbusy.c estimated size: 12

C:\Program Files (x86)\Microchip\xc8\v1.32\sources\pic18\plib\ADC\adcopen.c
		_OpenADC       		CODE           	766E	0000	94

C:\Program Files (x86)\Microchip\xc8\v1.32\sources\pic18\plib\ADC\adcopen.c estimated size: 94

C:\Program Files (x86)\Microchip\xc8\v1.32\sources\common\fttol.c
		___fttol       		CODE           	79A6	0000	212

C:\Program Files (x86)\Microchip\xc8\v1.32\sources\common\fttol.c estimated size: 212

C:\Program Files (x86)\Microchip\xc8\v1.32\sources\common\awdiv.c
		___awdiv       		CODE           	785A	0000	164

C:\Program Files (x86)\Microchip\xc8\v1.32\sources\common\awdiv.c estimated size: 164

C:\Program Files (x86)\Microchip\xc8\v1.32\sources\common\ftadd.c
		___ftadd       		CODE           	7E54	0000	428

C:\Program Files (x86)\Microchip\xc8\v1.32\sources\common\ftadd.c estimated size: 428

adc_.c
		_ADC_Value     		CODE           	76CC	0000	124

adc_.c estimated size: 124

shared
		__initializatio		CODE           	75A0	0000	40

shared estimated size: 40

C:\Program Files (x86)\Microchip\xc8\v1.32\sources\pic18\plib\ADC\adcread.c
		_ReadADC       		CODE           	74FE	0000	10

C:\Program Files (x86)\Microchip\xc8\v1.32\sources\pic18\plib\ADC\adcread.c estimated size: 10

C:\Program Files (x86)\Microchip\xc8\v1.32\sources\common\ftneg.c
		___ftneg       		CODE           	754A	0000	38

C:\Program Files (x86)\Microchip\xc8\v1.32\sources\common\ftneg.c estimated size: 38

segment.c
		_Segment_init  		CODE           	761A	0000	84
		_NumDisplay    		CODE           	752A	0000	32
		_DisplayValue  		CODE           	7B50	0000	226

segment.c estimated size: 342

display.c
		_Float_digit   		CODE           	7D16	0000	318
		_Display       		CODE           	7748	0000	130

display.c estimated size: 448

C:\Program Files (x86)\Microchip\xc8\v1.32\sources\pic18\plib\ADC\adcconv.c
		_ConvertADC    		CODE           	74EA	0000	4

C:\Program Files (x86)\Microchip\xc8\v1.32\sources\pic18\plib\ADC\adcconv.c estimated size: 4

main.c
		_main          		CODE           	7570	0000	48

main.c estimated size: 48

C:\Program Files (x86)\Microchip\xc8\v1.32\sources\pic18\d10ktcyx.c
		_Delay10KTCYx  		CODE           	7514	0000	22

C:\Program Files (x86)\Microchip\xc8\v1.32\sources\pic18\d10ktcyx.c estimated size: 22

