Microchip MPLAB XC8 Compiler V1.21 ()

Linker command line:

--edf=C:\Program Files (x86)\Microchip\xc8\v1.21\dat\en_msgs.txt -cs \
  -h+dist/default/production\Example_4.1.X.production.sym \
  --cmf=dist/default/production\Example_4.1.X.production.cmf -z -Q18F4550 \
  -oC:\Users\tbi\AppData\Local\Temp\s2cc.6 \
  -Mdist/default/production/Example_4.1.X.production.map -E1 -ver=XC8 \
  -ACODE=00h-07FFFh -ACONST=00h-07FFFh -ASMALLCONST=0800h-08FFhx120 \
  -AMEDIUMCONST=0800h-07FFFh -ACOMRAM=01h-05Fh -AABS1=00h-07FFh \
  -ABIGRAM=01h-07FFh -ARAM=060h-0FFh,0100h-01FFhx7 -ABANK0=060h-0FFh \
  -ABANK1=0100h-01FFh -ABANK2=0200h-02FFh -ABANK3=0300h-03FFh \
  -ABANK4=0400h-04FFh -ABANK5=0500h-05FFh -ABANK6=0600h-06FFh \
  -ABANK7=0700h-07FFh -ASFR=0F60h-0FFFh \
  -preset_vec=00h,intcode,intcodelo,powerup,init,end_init -pramtop=0800h \
  -psmallconst=SMALLCONST -pmediumconst=MEDIUMCONST -pconst=CONST \
  -AFARRAM=00h-00h -ACONFIG=0300000h-030000Dh -pconfig=CONFIG \
  -AIDLOC=0200000h-0200007h -pidloc=IDLOC -AEEDATA=0F00000h-0F000FFh \
  -peeprom_data=EEDATA \
  -prdata=COMRAM,nvrram=COMRAM,nvbit=COMRAM,rbss=COMRAM,rbit=COMRAM \
  -pfarbss=FARRAM,fardata=FARRAM,nvFARRAM=FARRAM \
  -pintsave_regs=BIGRAM,bigbss=BIGRAM,bigdata=BIGRAM -pbss=RAM \
  -pidata=CODE,irdata=CODE,ibigdata=CODE,ifardata=CODE \
  C:\Users\tbi\AppData\Local\Temp\s2cc.obj \
  dist/default/production\Example_4.1.X.production.obj 

Object code version is 3.11

Machine type is 18F4550

Call graph: (short form)




                Name                               Link     Load   Length Selector   Space Scale
C:\Users\tbi\AppData\Local\Temp\s2cc.obj
                end_init                              0        0        4        0       0
                idloc                            200000   200000        8   200000       0
                config                           300000   300000        E   300000       0
dist/default/production\Example_4.1.X.production.obj
                smallconst                          800      800       7E      400       0
                text42                             1730     1730      280      43F       0
                text41                             1C9E     1C9E      110      43F       0
                text40                             2292     2292       90      43F       0
                text39                             2424     2424       7C      43F       0
                text38                             287C     287C       3A      43F       0
                text37                             12E0     12E0      450      43F       0
                text36                             2942     2942       24      43F       0
                text35                             1B7C     1B7C      122      43F       0
                text34                             1EAC     1EAC       F4      43F       0
                text33                             214A     214A       B8      43F       0
                text32                             19B0     19B0      1CC      43F       0
                text31                             2840     2840       3C      43F       0
                text30                             2804     2804       3C      43F       0
                text29                             28B6     28B6       36      43F       0
                text28                             27C8     27C8       3C      43F       0
                text27                             2202     2202       90      43F       0
                text26                             291C     291C       26      43F       0
                text25                             1FA0     1FA0       E0      43F       0
                text24                             2322     2322       86      43F       0
                text23                             2516     2516       6A      43F       0
                text22                             2580     2580       64      43F       0
                text21                             273E     273E       46      43F       0
                text20                              87E      87E      A62      43F       0
                text19                             2A1C     2A1C        E      43F       0
                text18                             29CA     29CA       20      43F       0
                text17                             29AA     29AA       20      43F       0
                text16                             2988     2988       22      43F       0
                text15                             2966     2966       22      43F       0
                text14                             28EC     28EC       30      43F       0
                text13                             26EA     26EA       54      43F       0
                text12                             2A0E     2A0E        E      43F       0
                text11                             2A00     2A00        E      43F       0
                text10                             29EA     29EA       16      43F       0
                text9                              2640     2640       56      43F       0
                text8                              2080     2080       CA      43F       0
                text7                              25E4     25E4       5C      43F       0
                text6                              2A44     2A44        4     151F       0
                text5                              2A3E     2A3E        6     151F       0
                text4                              2A2A     2A2A        A      43F       0
                text3                              1DAE     1DAE       FE      43F       0
                text2                              2784     2784       44      43F       0
                text1                              23A8     23A8       7C      43F       0
                text0                              24A0     24A0       76      43F       0
                cstackCOMRAM                          1        1       5C        1       1
                cstackBANK0                          60       60       27       60       1
                dataBANK0                            90       90        9       60       1
                bssBANK0                             87       87        9       60       1
                dataCOMRAM                           5D       5D        3        1       1
                cinit                              2696     2696       54      43F       0
                idataBANK0                         2A34     2A34        9      43F       0
                idataCOMRAM                        2A48     2A48        3     151F       0

TOTAL           Name                               Link     Load   Length     Space
        CLASS   CODE           
                end_init                              0        0        4         0
                text42                             1730     1730      280         0
                text41                             1C9E     1C9E      110         0
                text40                             2292     2292       90         0
                text39                             2424     2424       7C         0
                text38                             287C     287C       3A         0
                text37                             12E0     12E0      450         0
                text36                             2942     2942       24         0
                text35                             1B7C     1B7C      122         0
                text34                             1EAC     1EAC       F4         0
                text33                             214A     214A       B8         0
                text32                             19B0     19B0      1CC         0
                text31                             2840     2840       3C         0
                text30                             2804     2804       3C         0
                text29                             28B6     28B6       36         0
                text28                             27C8     27C8       3C         0
                text27                             2202     2202       90         0
                text26                             291C     291C       26         0
                text25                             1FA0     1FA0       E0         0
                text24                             2322     2322       86         0
                text23                             2516     2516       6A         0
                text22                             2580     2580       64         0
                text21                             273E     273E       46         0
                text20                              87E      87E      A62         0
                text19                             2A1C     2A1C        E         0
                text18                             29CA     29CA       20         0
                text17                             29AA     29AA       20         0
                text16                             2988     2988       22         0
                text15                             2966     2966       22         0
                text14                             28EC     28EC       30         0
                text13                             26EA     26EA       54         0
                text12                             2A0E     2A0E        E         0
                text11                             2A00     2A00        E         0
                text10                             29EA     29EA       16         0
                text9                              2640     2640       56         0
                text8                              2080     2080       CA         0
                text7                              25E4     25E4       5C         0
                text6                              2A44     2A44        4         0
                text5                              2A3E     2A3E        6         0
                text4                              2A2A     2A2A        A         0
                text3                              1DAE     1DAE       FE         0
                text2                              2784     2784       44         0
                text1                              23A8     23A8       7C         0
                text0                              24A0     24A0       76         0
                cinit                              2696     2696       54         0
                idataBANK0                         2A34     2A34        9         0
                idataCOMRAM                        2A48     2A48        3         0

        CLASS   CONST          

        CLASS   SMALLCONST     
                smallconst                          800      800       7E         0

        CLASS   MEDIUMCONST    

        CLASS   COMRAM         
                cstackCOMRAM                          1        1       5C         1
                dataCOMRAM                           5D       5D        3         1

        CLASS   ABS1           

        CLASS   BIGRAM         

        CLASS   RAM            

        CLASS   BANK0          
                cstackBANK0                          60       60       27         1
                dataBANK0                            90       90        9         1
                bssBANK0                             87       87        9         1

        CLASS   BANK1          

        CLASS   BANK2          

        CLASS   BANK3          

        CLASS   BANK4          

        CLASS   BANK5          

        CLASS   BANK6          

        CLASS   BANK7          

        CLASS   SFR            

        CLASS   FARRAM         

        CLASS   CONFIG         
                config                           300000   300000        E         0

        CLASS   IDLOC          
                idloc                            200000   200000        8         0

        CLASS   EEDATA         



SEGMENTS        Name                           Load    Length   Top    Selector   Space  Class

                reset_vec                      000000  000004  000004         0       0  CODE    
                cstackCOMRAM                   000001  00005F  000060         1       1  COMRAM  
                cstackBANK0                    000060  000039  000099        60       1  BANK0   
                smallconst                     000800  00007E  00087E       400       0  SMALLCON
                text20                         00087E  0021BF  002A3D       43F       0  CODE    
                text5                          002A3E  00000D  002A4B      151F       0  CODE    
                idloc                          200000  000008  200008    200000       0  IDLOC   
                config                         300000  00000E  30000E    300000       0  CONFIG  


UNUSED ADDRESS RANGES

        Name                Unused          Largest block    Delta
        BANK0            000099-0000FF               67
        BANK1            000100-0001FF              100
        BANK2            000200-0002FF              100
        BANK3            000300-0003FF              100
        BANK4            000400-0004FF              100
        BANK5            000500-0005FF              100
        BANK6            000600-0006FF              100
        BANK7            000700-0007FF              100
        BIGRAM           000099-0007FF              767
        CODE             000004-0007FF              7FC
                         002A3D-002A3D                1
                         002A4B-007FFF             55B5
        CONST            000004-0007FF              7FC
                         002A3D-002A3D                1
                         002A4B-007FFF             55B5
        EEDATA           F00000-F000FF              100
        MEDIUMCONST      002A3D-002A3D                1
                         002A4B-007FFF             55B5
        RAM              000099-0007FF              100
        SFR              000F60-000FFF               A0
        SMALLCONST       002A3D-002A3D                1
                         002A4B-007FFF              100

                                  Symbol Table

?_ADC_Value              cstackCOMRAM 000048
?_Delay10KTCYx           cstackCOMRAM 000001
?_Delay10TCYx            cstackCOMRAM 000001
?_Delay1KTCYx            cstackCOMRAM 000001
?_Display                cstackCOMRAM 000058
?_OpenADC                cstackCOMRAM 000001
?_OpenXLCD               cstackCOMRAM 000008
?_ReadADC                cstackCOMRAM 000001
?_SetDDRamAddr           cstackCOMRAM 000004
?_WriteCmdXLCD           cstackCOMRAM 000004
?_WriteDataXLCD          cstackCOMRAM 000004
?___asftadd              cstackCOMRAM 000046
?___asftmul              cstackCOMRAM 000037
?___asftsub              cstackCOMRAM 00001D
?___awdiv                cstackCOMRAM 000008
?___awmod                cstackCOMRAM 000001
?___awtoft               cstackCOMRAM 000009
?___ftadd                cstackCOMRAM 000009
?___ftdiv                cstackCOMRAM 000037
?___ftge                 cstackCOMRAM 000001
?___ftmul                cstackCOMRAM 000026
?___ftneg                cstackCOMRAM 000001
?___ftpack               cstackCOMRAM 000001
?___ftsub                cstackCOMRAM 000017
?___fttol                cstackCOMRAM 000017
?___lldiv                cstackCOMRAM 000001
?___llmod                cstackCOMRAM 000001
?___lltoft               cstackCOMRAM 000009
?___lwmod                cstackCOMRAM 000001
?___wmul                 cstackCOMRAM 000011
?__div_to_l_             cstackCOMRAM 000001
?__tdiv_to_l_            cstackCOMRAM 000001
?_fround                 cstackCOMRAM 000037
?_isdigit                cstackCOMRAM 000001
?_putsXLCD               cstackCOMRAM 000005
?_scale                  cstackCOMRAM 000037
?_sprintf                cstackCOMRAM 00004B
ADC_Value@value          cstackCOMRAM 00004B
Delay10KTCYx@unit        cstackCOMRAM 000001
Delay10TCYx@unit         cstackCOMRAM 000001
Delay1KTCYx@unit         cstackCOMRAM 000001
DelayFor18TCY@i          cstackCOMRAM 000003
Display@F4520            bssBANK0     000087
Display@val              cstackCOMRAM 000058
Display@voltage          cstackBANK0  000081
OpenADC@config           cstackCOMRAM 000001
OpenADC@config2          cstackCOMRAM 000002
OpenADC@portconfig       cstackCOMRAM 000003
OpenXLCD@lcdtype         cstackCOMRAM 000008
SetDDRamAddr@DDaddr      cstackCOMRAM 000004
WriteCmdXLCD@cmd         cstackCOMRAM 000004
WriteDataXLCD@data       cstackCOMRAM 000004
_ADCON0                  (abs)        000FC2
_ADCON0bits              (abs)        000FC2
_ADCON1                  (abs)        000FC1
_ADCON2                  (abs)        000FC0
_ADC_Value               text1        0023A8
_ADRESH                  (abs)        000FC4
_ADRESL                  (abs)        000FC3
_BusyADC                 text5        002A3E
_BusyXLCD                text16       002988
_ConvertADC              text6        002A44
_Delay10KTCYx            text10       0029EA
_Delay10TCYx             text19       002A1C
_Delay1KTCYx             text12       002A0E
_DelayFor18TCY           text18       0029CA
_DelayPORXLCD            text11       002A00
_Display                 text13       0026EA
_INTCONbits              (abs)        000FF2
_LATAbits                (abs)        000F89
_LATBbits                (abs)        000F8A
_OpenADC                 text7        0025E4
_OpenXLCD                text8        002080
_PIE1bits                (abs)        000F9D
_PIR1bits                (abs)        000F9E
_PORTB                   (abs)        000F81
_PORTD                   (abs)        000F83
_ReadADC                 text4        002A2A
_SetDDRamAddr            text9        002640
_TRISAbits               (abs)        000F92
_TRISB                   (abs)        000F93
_TRISD                   (abs)        000F95
_WriteCmdXLCD            text17       0029AA
_WriteDataXLCD           text15       002966
__CFG_BOR$ON             (abs)        000000
__CFG_BORV$3             (abs)        000000
__CFG_CCP2MX$OFF         (abs)        000000
__CFG_CP0$OFF            (abs)        000000
__CFG_CP1$OFF            (abs)        000000
__CFG_CP2$OFF            (abs)        000000
__CFG_CP3$OFF            (abs)        000000
__CFG_CPB$OFF            (abs)        000000
__CFG_CPD$OFF            (abs)        000000
__CFG_CPUDIV$OSC1_PLL2   (abs)        000000
__CFG_EBTR0$OFF          (abs)        000000
__CFG_EBTR1$OFF          (abs)        000000
__CFG_EBTR2$OFF          (abs)        000000
__CFG_EBTR3$OFF          (abs)        000000
__CFG_EBTRB$OFF          (abs)        000000
__CFG_FCMEN$OFF          (abs)        000000
__CFG_FOSC$HS            (abs)        000000
__CFG_ICPRT$OFF          (abs)        000000
__CFG_IESO$OFF           (abs)        000000
__CFG_LPT1OSC$OFF        (abs)        000000
__CFG_LVP$OFF            (abs)        000000
__CFG_MCLRE$ON           (abs)        000000
__CFG_PBADEN$OFF         (abs)        000000
__CFG_PLLDIV$5           (abs)        000000
__CFG_PWRT$OFF           (abs)        000000
__CFG_STVREN$ON          (abs)        000000
__CFG_USBDIV$1           (abs)        000000
__CFG_VREGEN$OFF         (abs)        000000
__CFG_WDT$OFF            (abs)        000000
__CFG_WDTPS$32768        (abs)        000000
__CFG_WRT0$OFF           (abs)        000000
__CFG_WRT1$OFF           (abs)        000000
__CFG_WRT2$OFF           (abs)        000000
__CFG_WRT3$OFF           (abs)        000000
__CFG_WRTB$OFF           (abs)        000000
__CFG_WRTC$OFF           (abs)        000000
__CFG_WRTD$OFF           (abs)        000000
__CFG_XINST$OFF          (abs)        000000
__HRAM                   (abs)        000000
__Habs1                  abs1         000000
__Hbank0                 bank0        000000
__Hbank1                 bank1        000000
__Hbank2                 bank2        000000
__Hbank3                 bank3        000000
__Hbank4                 bank4        000000
__Hbank5                 bank5        000000
__Hbank6                 bank6        000000
__Hbank7                 bank7        000000
__Hbigbss                bigbss       000000
__Hbigdata               bigdata      000000
__Hbigram                bigram       000000
__Hbss                   bss          000000
__HbssBANK0              bssBANK0     000000
__Hcinit                 cinit        000000
__Hclrtext               clrtext      000000
__Hcomram                comram       000000
__Hconfig                config       30000E
__Hconst                 const        000000
__HcstackBANK0           cstackBANK0  000000
__HcstackCOMRAM          cstackCOMRAM 000000
__Hdata                  data         000000
__HdataBANK0             dataBANK0    000000
__HdataCOMRAM            dataCOMRAM   000000
__Heeprom_data           eeprom_data  000000
__Hend_init              end_init     000004
__Hfarbss                farbss       000000
__Hfardata               fardata      000000
__Hibigdata              ibigdata     000000
__Hidata                 idata        000000
__HidataBANK0            idataBANK0   000000
__HidataCOMRAM           idataCOMRAM  000000
__Hidloc                 idloc        200008
__Hifardata              ifardata     000000
__Hinit                  init         000000
__Hintcode               intcode      000000
__Hintcode_body          intcode_body 000000
__Hintcodelo             intcodelo    000000
__Hintentry              intentry     000000
__Hintret                intret       000000
__Hintsave_regs          intsave_regs 000000
__Hirdata                irdata       000000
__Hmediumconst           mediumconst  000000
__HnvFARRAM              nvFARRAM     000000
__Hnvbit                 nvbit        000000
__Hnvrram                nvrram       000000
__Hparam                 rparam       000000
__Hpowerup               powerup      000000
__Hram                   ram          000000
__Hramtop                ramtop       000800
__Hrbit                  rbit         000000
__Hrbss                  rbss         000000
__Hrdata                 rdata        000000
__Hreset_vec             reset_vec    000000
__Hrparam                rparam       000000
__Hsfr                   sfr          000000
__Hsmallconst            smallconst   00087E
__Hstruct                struct       000000
__Htemp                  temp         000000
__Htext                  text         000000
__Htext0                 text0        000000
__Htext1                 text1        000000
__Htext10                text10       000000
__Htext11                text11       000000
__Htext12                text12       000000
__Htext13                text13       000000
__Htext14                text14       000000
__Htext15                text15       000000
__Htext16                text16       000000
__Htext17                text17       000000
__Htext18                text18       000000
__Htext19                text19       000000
__Htext2                 text2        000000
__Htext20                text20       000000
__Htext21                text21       000000
__Htext22                text22       000000
__Htext23                text23       000000
__Htext24                text24       000000
__Htext25                text25       000000
__Htext26                text26       000000
__Htext27                text27       000000
__Htext28                text28       000000
__Htext29                text29       000000
__Htext3                 text3        000000
__Htext30                text30       000000
__Htext31                text31       000000
__Htext32                text32       000000
__Htext33                text33       000000
__Htext34                text34       000000
__Htext35                text35       000000
__Htext36                text36       000000
__Htext37                text37       000000
__Htext38                text38       000000
__Htext39                text39       000000
__Htext4                 text4        000000
__Htext40                text40       000000
__Htext41                text41       000000
__Htext42                text42       000000
__Htext5                 text5        000000
__Htext6                 text6        000000
__Htext7                 text7        000000
__Htext8                 text8        000000
__Htext9                 text9        000000
__LRAM                   (abs)        000001
__Labs1                  abs1         000000
__Lbank0                 bank0        000000
__Lbank1                 bank1        000000
__Lbank2                 bank2        000000
__Lbank3                 bank3        000000
__Lbank4                 bank4        000000
__Lbank5                 bank5        000000
__Lbank6                 bank6        000000
__Lbank7                 bank7        000000
__Lbigbss                bigbss       000000
__Lbigdata               bigdata      000000
__Lbigram                bigram       000000
__Lbss                   bss          000000
__LbssBANK0              bssBANK0     000000
__Lcinit                 cinit        000000
__Lclrtext               clrtext      000000
__Lcomram                comram       000000
__Lconfig                config       300000
__Lconst                 const        000000
__LcstackBANK0           cstackBANK0  000000
__LcstackCOMRAM          cstackCOMRAM 000000
__Ldata                  data         000000
__LdataBANK0             dataBANK0    000000
__LdataCOMRAM            dataCOMRAM   000000
__Leeprom_data           eeprom_data  000000
__Lend_init              end_init     000000
__Lfarbss                farbss       000000
__Lfardata               fardata      000000
__Libigdata              ibigdata     000000
__Lidata                 idata        000000
__LidataBANK0            idataBANK0   000000
__LidataCOMRAM           idataCOMRAM  000000
__Lidloc                 idloc        200000
__Lifardata              ifardata     000000
__Linit                  init         000000
__Lintcode               intcode      000000
__Lintcode_body          intcode_body 000000
__Lintcodelo             intcodelo    000000
__Lintentry              intentry     000000
__Lintret                intret       000000
__Lintsave_regs          intsave_regs 000000
__Lirdata                irdata       000000
__Lmediumconst           mediumconst  000000
__LnvFARRAM              nvFARRAM     000000
__Lnvbit                 nvbit        000000
__Lnvrram                nvrram       000000
__Lparam                 rparam       000000
__Lpowerup               powerup      000000
__Lram                   ram          000000
__Lramtop                ramtop       000800
__Lrbit                  rbit         000000
__Lrbss                  rbss         000000
__Lrdata                 rdata        000000
__Lreset_vec             reset_vec    000000
__Lrparam                rparam       000000
__Lsfr                   sfr          000000
__Lsmallconst            smallconst   000800
__Lstruct                struct       000000
__Ltemp                  temp         000000
__Ltext                  text         000000
__Ltext0                 text0        000000
__Ltext1                 text1        000000
__Ltext10                text10       000000
__Ltext11                text11       000000
__Ltext12                text12       000000
__Ltext13                text13       000000
__Ltext14                text14       000000
__Ltext15                text15       000000
__Ltext16                text16       000000
__Ltext17                text17       000000
__Ltext18                text18       000000
__Ltext19                text19       000000
__Ltext2                 text2        000000
__Ltext20                text20       000000
__Ltext21                text21       000000
__Ltext22                text22       000000
__Ltext23                text23       000000
__Ltext24                text24       000000
__Ltext25                text25       000000
__Ltext26                text26       000000
__Ltext27                text27       000000
__Ltext28                text28       000000
__Ltext29                text29       000000
__Ltext3                 text3        000000
__Ltext30                text30       000000
__Ltext31                text31       000000
__Ltext32                text32       000000
__Ltext33                text33       000000
__Ltext34                text34       000000
__Ltext35                text35       000000
__Ltext36                text36       000000
__Ltext37                text37       000000
__Ltext38                text38       000000
__Ltext39                text39       000000
__Ltext4                 text4        000000
__Ltext40                text40       000000
__Ltext41                text41       000000
__Ltext42                text42       000000
__Ltext5                 text5        000000
__Ltext6                 text6        000000
__Ltext7                 text7        000000
__Ltext8                 text8        000000
__Ltext9                 text9        000000
__S0                     (abs)        30000E
__S1                     (abs)        000099
___asftadd               text31       002840
___asftadd@f1p           cstackCOMRAM 000046
___asftadd@f2            cstackCOMRAM 000048
___asftmul               text30       002804
___asftmul@f1p           cstackCOMRAM 000037
___asftmul@f2            cstackCOMRAM 000039
___asftsub               text28       0027C8
___asftsub@f1p           cstackCOMRAM 00001D
___asftsub@f2            cstackCOMRAM 00001F
___awdiv                 text40       002292
___awdiv@counter         cstackCOMRAM 00000D
___awdiv@dividend        cstackCOMRAM 000008
___awdiv@divisor         cstackCOMRAM 00000A
___awdiv@quotient        cstackCOMRAM 00000F
___awdiv@sign            cstackCOMRAM 00000E
___awmod                 text39       002424
___awmod@counter         cstackCOMRAM 000006
___awmod@dividend        cstackCOMRAM 000001
___awmod@divisor         cstackCOMRAM 000003
___awmod@sign            cstackCOMRAM 000007
___awtoft                text2        002784
___awtoft@c              cstackCOMRAM 000009
___awtoft@sign           cstackCOMRAM 00000D
___ftadd                 text32       0019B0
___ftadd@exp1            cstackCOMRAM 000016
___ftadd@exp2            cstackCOMRAM 000015
___ftadd@f1              cstackCOMRAM 000009
___ftadd@f2              cstackCOMRAM 00000C
___ftadd@sign            cstackCOMRAM 000014
___ftdiv                 text3        001DAE
___ftdiv@cntr            cstackCOMRAM 000042
___ftdiv@exp             cstackCOMRAM 000046
___ftdiv@f1              cstackCOMRAM 000037
___ftdiv@f2              cstackCOMRAM 00003A
___ftdiv@f3              cstackCOMRAM 000043
___ftdiv@sign            cstackCOMRAM 000047
___ftge                  text27       002202
___ftge@ff1              cstackCOMRAM 000001
___ftge@ff2              cstackCOMRAM 000004
___ftmul                 text41       001C9E
___ftmul@cntr            cstackCOMRAM 000035
___ftmul@exp             cstackCOMRAM 000031
___ftmul@f1              cstackCOMRAM 000026
___ftmul@f2              cstackCOMRAM 000029
___ftmul@f3_as_product   cstackCOMRAM 000032
___ftmul@sign            cstackCOMRAM 000036
___ftneg                 text26       00291C
___ftneg@f1              cstackCOMRAM 000001
___ftpack                text33       00214A
___ftpack@arg            cstackCOMRAM 000001
___ftpack@exp            cstackCOMRAM 000004
___ftpack@sign           cstackCOMRAM 000005
___ftsub                 text29       0028B6
___ftsub@f1              cstackCOMRAM 000017
___ftsub@f2              cstackCOMRAM 00001A
___fttol                 text25       001FA0
___fttol@exp1            cstackCOMRAM 000025
___fttol@f1              cstackCOMRAM 000017
___fttol@lval            cstackCOMRAM 000021
___fttol@sign1           cstackCOMRAM 000020
___lldiv                 text24       002322
___lldiv@counter         cstackCOMRAM 00000E
___lldiv@dividend        cstackCOMRAM 000001
___lldiv@divisor         cstackCOMRAM 000005
___lldiv@quotient        cstackCOMRAM 00000A
___llmod                 text23       002516
___llmod@counter         cstackCOMRAM 00000A
___llmod@dividend        cstackCOMRAM 000001
___llmod@divisor         cstackCOMRAM 000005
___lltoft                text22       002580
___lltoft@c              cstackCOMRAM 000009
___lltoft@exp            cstackCOMRAM 000011
___lwmod                 text21       00273E
___lwmod@counter         cstackCOMRAM 000006
___lwmod@dividend        cstackCOMRAM 000001
___lwmod@divisor         cstackCOMRAM 000003
___wmul                  text38       00287C
___wmul@multiplicand     cstackCOMRAM 000013
___wmul@multiplier       cstackCOMRAM 000011
___wmul@product          cstackCOMRAM 000015
__accesstop              (abs)        000060
__activetblptr           (abs)        000002
__div_to_l_              text34       001EAC
__div_to_l_@cntr         cstackCOMRAM 00000C
__div_to_l_@exp1         cstackCOMRAM 00000D
__div_to_l_@f1           cstackCOMRAM 000001
__div_to_l_@f2           cstackCOMRAM 000004
__div_to_l_@quot         cstackCOMRAM 000008
__end_of_ADC_Value       text1        002424
__end_of_BusyADC         text5        002A44
__end_of_BusyXLCD        text16       0029AA
__end_of_ConvertADC      text6        002A48
__end_of_Delay10KTCYx    text10       002A00
__end_of_Delay10TCYx     text19       002A2A
__end_of_Delay1KTCYx     text12       002A1C
__end_of_DelayFor18TCY   text18       0029EA
__end_of_DelayPORXLCD    text11       002A0E
__end_of_Display         text13       00273E
__end_of_OpenADC         text7        002640
__end_of_OpenXLCD        text8        00214A
__end_of_ReadADC         text4        002A34
__end_of_SetDDRamAddr    text9        002696
__end_of_WriteCmdXLCD    text17       0029CA
__end_of_WriteDataXLCD   text15       002988
__end_of___asftadd       text31       00287C
__end_of___asftmul       text30       002840
__end_of___asftsub       text28       002804
__end_of___awdiv         text40       002322
__end_of___awmod         text39       0024A0
__end_of___awtoft        text2        0027C8
__end_of___ftadd         text32       001B7C
__end_of___ftdiv         text3        001EAC
__end_of___ftge          text27       002292
__end_of___ftmul         text41       001DAE
__end_of___ftneg         text26       002942
__end_of___ftpack        text33       002202
__end_of___ftsub         text29       0028EC
__end_of___fttol         text25       002080
__end_of___lldiv         text24       0023A8
__end_of___llmod         text23       002580
__end_of___lltoft        text22       0025E4
__end_of___lwmod         text21       002784
__end_of___wmul          text38       0028B6
__end_of__div_to_l_      text34       001FA0
__end_of__initialization cinit        0026E0
__end_of__npowers_       smallconst   00084F
__end_of__powers_        smallconst   000876
__end_of__stringdata     smallconst   00087D
__end_of__tdiv_to_l_     text35       001C9E
__end_of_dpowers         smallconst   000828
__end_of_fround          text42       0019B0
__end_of_isdigit         text36       002966
__end_of_main            text0        002516
__end_of_putsXLCD        text14       00291C
__end_of_scale           text37       001730
__end_of_sprintf         text20       0012E0
__initialization         cinit        002696
__mediumconst            mediumconst  000000
__npowers_               smallconst   000828
__pbssBANK0              bssBANK0     000087
__pcinit                 cinit        002696
__pcstackBANK0           cstackBANK0  000060
__pcstackCOMRAM          cstackCOMRAM 000001
__pdataBANK0             dataBANK0    000090
__pdataCOMRAM            dataCOMRAM   00005D
__pidataBANK0            idataBANK0   002A34
__pidataCOMRAM           idataCOMRAM  002A48
__powers_                smallconst   00084F
__psmallconst            smallconst   000800
__ptext0                 text0        0024A0
__ptext1                 text1        0023A8
__ptext10                text10       0029EA
__ptext11                text11       002A00
__ptext12                text12       002A0E
__ptext13                text13       0026EA
__ptext14                text14       0028EC
__ptext15                text15       002966
__ptext16                text16       002988
__ptext17                text17       0029AA
__ptext18                text18       0029CA
__ptext19                text19       002A1C
__ptext2                 text2        002784
__ptext20                text20       00087E
__ptext21                text21       00273E
__ptext22                text22       002580
__ptext23                text23       002516
__ptext24                text24       002322
__ptext25                text25       001FA0
__ptext26                text26       00291C
__ptext27                text27       002202
__ptext28                text28       0027C8
__ptext29                text29       0028B6
__ptext3                 text3        001DAE
__ptext30                text30       002804
__ptext31                text31       002840
__ptext32                text32       0019B0
__ptext33                text33       00214A
__ptext34                text34       001EAC
__ptext35                text35       001B7C
__ptext36                text36       002942
__ptext37                text37       0012E0
__ptext38                text38       00287C
__ptext39                text39       002424
__ptext4                 text4        002A2A
__ptext40                text40       002292
__ptext41                text41       001C9E
__ptext42                text42       001730
__ptext5                 text5        002A3E
__ptext6                 text6        002A44
__ptext7                 text7        0025E4
__ptext8                 text8        002080
__ptext9                 text9        002640
__ramtop                 ramtop       000800
__size_of_ADC_Value      (abs)        000000
__size_of_BusyADC        (abs)        000000
__size_of_BusyXLCD       (abs)        000000
__size_of_ConvertADC     (abs)        000000
__size_of_Delay10KTCYx   (abs)        000000
__size_of_Delay10TCYx    (abs)        000000
__size_of_Delay1KTCYx    (abs)        000000
__size_of_DelayFor18TCY  (abs)        000000
__size_of_DelayPORXLCD   (abs)        000000
__size_of_Display        (abs)        000000
__size_of_OpenADC        (abs)        000000
__size_of_OpenXLCD       (abs)        000000
__size_of_ReadADC        (abs)        000000
__size_of_SetDDRamAddr   (abs)        000000
__size_of_WriteCmdXLCD   (abs)        000000
__size_of_WriteDataXLCD  (abs)        000000
__size_of___asftadd      (abs)        000000
__size_of___asftmul      (abs)        000000
__size_of___asftsub      (abs)        000000
__size_of___awdiv        (abs)        000000
__size_of___awmod        (abs)        000000
__size_of___awtoft       (abs)        000000
__size_of___ftadd        (abs)        000000
__size_of___ftdiv        (abs)        000000
__size_of___ftge         (abs)        000000
__size_of___ftmul        (abs)        000000
__size_of___ftneg        (abs)        000000
__size_of___ftpack       (abs)        000000
__size_of___ftsub        (abs)        000000
__size_of___fttol        (abs)        000000
__size_of___lldiv        (abs)        000000
__size_of___llmod        (abs)        000000
__size_of___lltoft       (abs)        000000
__size_of___lwmod        (abs)        000000
__size_of___wmul         (abs)        000000
__size_of__div_to_l_     (abs)        000000
__size_of__tdiv_to_l_    (abs)        000000
__size_of_fround         (abs)        000000
__size_of_isdigit        (abs)        000000
__size_of_main           (abs)        000000
__size_of_putsXLCD       (abs)        000000
__size_of_scale          (abs)        000000
__size_of_sprintf        (abs)        000000
__smallconst             smallconst   000800
__stringdata             smallconst   000876
__tdiv_to_l_             text35       001B7C
__tdiv_to_l_@cntr        cstackCOMRAM 000010
__tdiv_to_l_@exp1        cstackCOMRAM 000011
__tdiv_to_l_@f1          cstackCOMRAM 000001
__tdiv_to_l_@f2          cstackCOMRAM 000004
__tdiv_to_l_@quot        cstackCOMRAM 00000C
_config_1                dataCOMRAM   00005D
_config_2                dataCOMRAM   00005E
_dpowers                 smallconst   000800
_fround                  text42       001730
_fround$1406             cstackCOMRAM 000043
_fround$1407             cstackCOMRAM 000040
_isdigit                 text36       002942
_isdigit$1071            cstackCOMRAM 000003
_main                    text0        0024A0
_portconfig              dataCOMRAM   00005F
_putsXLCD                text14       0028EC
_scale                   text37       0012E0
_scale$1408              cstackCOMRAM 000040
_sprintf                 text20       00087E
_sprintf$1409            cstackBANK0  000060
_sprintf$318             cstackBANK0  000063
_str1                    dataBANK0    000090
_value                   bssBANK0     00008D
end_of_initialization    cinit        0026E0
fround@prec              cstackCOMRAM 000037
intlevel0                text         000000
intlevel1                text         000000
intlevel2                text         000000
intlevel3                text         000000
isdigit@c                cstackCOMRAM 000001
putsXLCD@buffer          cstackCOMRAM 000005
scale@scl                cstackCOMRAM 000037
sprintf@_val             cstackBANK0  00006D
sprintf@ap               cstackBANK0  000067
sprintf@c                cstackBANK0  000080
sprintf@exp              cstackBANK0  000079
sprintf@f                cstackCOMRAM 00004D
sprintf@flag             cstackBANK0  000075
sprintf@fval             cstackBANK0  00007B
sprintf@integ            cstackBANK0  000072
sprintf@prec             cstackBANK0  00007E
sprintf@sp               cstackCOMRAM 00004B
sprintf@vd               cstackBANK0  000069
sprintf@vd_320           cstackBANK0  00006B
sprintf@width            cstackBANK0  000077
start                    init         000000
start_initialization     cinit        002696


FUNCTION INFORMATION:

 *************** function _main *****************
 Defined at:
		line 47 in file "main.c"
 Parameters:    Size  Location     Type
		None
 Auto vars:     Size  Location     Type
		None
 Return value:  Size  Location     Type
		None               void
 Registers used:
		wreg, fsr1l, fsr1h, fsr2l, fsr2h, status,2, status,0, tblptrl, tblptrh, tblptru, prodl, prodh, cstack
 Tracked objects:
		On entry : 
		On exit  : 
		Unchanged: 
 Data sizes:     COMRAM   BANK0   BANK1   BANK2   BANK3   BANK4   BANK5   BANK6   BANK7
      Params:         0       0       0       0       0       0       0       0       0
      Locals:         0       0       0       0       0       0       0       0       0
      Temps:          1       0       0       0       0       0       0       0       0
      Totals:         1       0       0       0       0       0       0       0       0
Total ram usage:        1 bytes
 Hardware stack levels required when called:    6
 This function calls:
		_Display
		_WriteCmdXLCD
		_putsXLCD
		_OpenXLCD
		_SetDDRamAddr
		_OpenADC
		_ADC_Value
 This function is called by:
		Startup code after reset
 This function uses a non-reentrant model


 *************** function _ADC_Value *****************
 Defined at:
		line 19 in file "adc_.c"
 Parameters:    Size  Location     Type
		None
 Auto vars:     Size  Location     Type
  value           3   74[COMRAM] float 
 Return value:  Size  Location     Type
                  3   71[COMRAM] float 
 Registers used:
		wreg, status,2, status,0, cstack
 Tracked objects:
		On entry : 
		On exit  : 
		Unchanged: 
 Data sizes:     COMRAM   BANK0   BANK1   BANK2   BANK3   BANK4   BANK5   BANK6   BANK7
      Params:         3       0       0       0       0       0       0       0       0
      Locals:         3       0       0       0       0       0       0       0       0
      Temps:          0       0       0       0       0       0       0       0       0
      Totals:         6       0       0       0       0       0       0       0       0
Total ram usage:        6 bytes
 Hardware stack levels used:    1
 Hardware stack levels required when called:    2
 This function calls:
		_ConvertADC
		_BusyADC
		_ReadADC
		___ftdiv
		___ftmul
		___awtoft
 This function is called by:
		_main
 This function uses a non-reentrant model


 *************** function ___awtoft *****************
 Defined at:
		line 33 in file "C:\Program Files (x86)\Microchip\xc8\v1.21\sources\common\awtoft.c"
 Parameters:    Size  Location     Type
  c               2    8[COMRAM] int 
 Auto vars:     Size  Location     Type
  sign            1   12[COMRAM] unsigned char 
 Return value:  Size  Location     Type
                  3    8[COMRAM] float 
 Registers used:
		wreg, status,2, status,0, cstack
 Tracked objects:
		On entry : 
		On exit  : 
		Unchanged: 
 Data sizes:     COMRAM   BANK0   BANK1   BANK2   BANK3   BANK4   BANK5   BANK6   BANK7
      Params:         3       0       0       0       0       0       0       0       0
      Locals:         1       0       0       0       0       0       0       0       0
      Temps:          1       0       0       0       0       0       0       0       0
      Totals:         5       0       0       0       0       0       0       0       0
Total ram usage:        5 bytes
 Hardware stack levels used:    1
 Hardware stack levels required when called:    1
 This function calls:
		___ftpack
 This function is called by:
		_ADC_Value
 This function uses a non-reentrant model


 *************** function ___ftdiv *****************
 Defined at:
		line 50 in file "C:\Program Files (x86)\Microchip\xc8\v1.21\sources\common\ftdiv.c"
 Parameters:    Size  Location     Type
  f1              3   54[COMRAM] float 
  f2              3   57[COMRAM] float 
 Auto vars:     Size  Location     Type
  f3              3   66[COMRAM] float 
  sign            1   70[COMRAM] unsigned char 
  exp             1   69[COMRAM] unsigned char 
  cntr            1   65[COMRAM] unsigned char 
 Return value:  Size  Location     Type
                  3   54[COMRAM] float 
 Registers used:
		wreg, status,2, status,0, cstack
 Tracked objects:
		On entry : 
		On exit  : 
		Unchanged: 
 Data sizes:     COMRAM   BANK0   BANK1   BANK2   BANK3   BANK4   BANK5   BANK6   BANK7
      Params:         6       0       0       0       0       0       0       0       0
      Locals:         6       0       0       0       0       0       0       0       0
      Temps:          5       0       0       0       0       0       0       0       0
      Totals:        17       0       0       0       0       0       0       0       0
Total ram usage:       17 bytes
 Hardware stack levels used:    1
 Hardware stack levels required when called:    1
 This function calls:
		___ftpack
 This function is called by:
		_ADC_Value
 This function uses a non-reentrant model


 *************** function _ReadADC *****************
 Defined at:
		line 25 in file "C:\Program Files (x86)\Microchip\xc8\v1.21\sources\pic18\plib\ADC\adcread.c"
 Parameters:    Size  Location     Type
		None
 Auto vars:     Size  Location     Type
		None
 Return value:  Size  Location     Type
                  2    0[COMRAM] int 
 Registers used:
		wreg, status,2
 Tracked objects:
		On entry : 
		On exit  : 
		Unchanged: 
 Data sizes:     COMRAM   BANK0   BANK1   BANK2   BANK3   BANK4   BANK5   BANK6   BANK7
      Params:         2       0       0       0       0       0       0       0       0
      Locals:         0       0       0       0       0       0       0       0       0
      Temps:          0       0       0       0       0       0       0       0       0
      Totals:         2       0       0       0       0       0       0       0       0
Total ram usage:        2 bytes
 Hardware stack levels used:    1
 This function calls:
		Nothing
 This function is called by:
		_ADC_Value
 This function uses a non-reentrant model


 *************** function _BusyADC *****************
 Defined at:
		line 27 in file "C:\Program Files (x86)\Microchip\xc8\v1.21\sources\pic18\plib\ADC\adcbusy.c"
 Parameters:    Size  Location     Type
		None
 Auto vars:     Size  Location     Type
		None
 Return value:  Size  Location     Type
                  1    wreg      unsigned char 
 Registers used:
		wreg, status,2, status,0
 Tracked objects:
		On entry : 
		On exit  : 
		Unchanged: 
 Data sizes:     COMRAM   BANK0   BANK1   BANK2   BANK3   BANK4   BANK5   BANK6   BANK7
      Params:         0       0       0       0       0       0       0       0       0
      Locals:         0       0       0       0       0       0       0       0       0
      Temps:          0       0       0       0       0       0       0       0       0
      Totals:         0       0       0       0       0       0       0       0       0
Total ram usage:        0 bytes
 Hardware stack levels used:    1
 This function calls:
		Nothing
 This function is called by:
		_ADC_Value
 This function uses a non-reentrant model


 *************** function _ConvertADC *****************
 Defined at:
		line 23 in file "C:\Program Files (x86)\Microchip\xc8\v1.21\sources\pic18\plib\ADC\adcconv.c"
 Parameters:    Size  Location     Type
		None
 Auto vars:     Size  Location     Type
		None
 Return value:  Size  Location     Type
		None               void
 Registers used:
		None
 Tracked objects:
		On entry : 
		On exit  : 
		Unchanged: 
 Data sizes:     COMRAM   BANK0   BANK1   BANK2   BANK3   BANK4   BANK5   BANK6   BANK7
      Params:         0       0       0       0       0       0       0       0       0
      Locals:         0       0       0       0       0       0       0       0       0
      Temps:          0       0       0       0       0       0       0       0       0
      Totals:         0       0       0       0       0       0       0       0       0
Total ram usage:        0 bytes
 Hardware stack levels used:    1
 This function calls:
		Nothing
 This function is called by:
		_ADC_Value
 This function uses a non-reentrant model


 *************** function _OpenADC *****************
 Defined at:
		line 71 in file "C:\Program Files (x86)\Microchip\xc8\v1.21\sources\pic18\plib\ADC\adcopen.c"
 Parameters:    Size  Location     Type
  config          1    0[COMRAM] unsigned char 
  config2         1    1[COMRAM] unsigned char 
  portconfig      1    2[COMRAM] unsigned char 
 Auto vars:     Size  Location     Type
		None
 Return value:  Size  Location     Type
		None               void
 Registers used:
		wreg, status,2, status,0
 Tracked objects:
		On entry : 
		On exit  : 
		Unchanged: 
 Data sizes:     COMRAM   BANK0   BANK1   BANK2   BANK3   BANK4   BANK5   BANK6   BANK7
      Params:         3       0       0       0       0       0       0       0       0
      Locals:         0       0       0       0       0       0       0       0       0
      Temps:          2       0       0       0       0       0       0       0       0
      Totals:         5       0       0       0       0       0       0       0       0
Total ram usage:        5 bytes
 Hardware stack levels used:    1
 This function calls:
		Nothing
 This function is called by:
		_main
 This function uses a non-reentrant model


 *************** function _OpenXLCD *****************
 Defined at:
		line 83 in file "xlcd.c"
 Parameters:    Size  Location     Type
  lcdtype         1    7[COMRAM] unsigned char 
 Auto vars:     Size  Location     Type
		None
 Return value:  Size  Location     Type
		None               void
 Registers used:
		wreg, status,2, status,0, cstack
 Tracked objects:
		On entry : 
		On exit  : 
		Unchanged: 
 Data sizes:     COMRAM   BANK0   BANK1   BANK2   BANK3   BANK4   BANK5   BANK6   BANK7
      Params:         1       0       0       0       0       0       0       0       0
      Locals:         0       0       0       0       0       0       0       0       0
      Temps:          1       0       0       0       0       0       0       0       0
      Totals:         2       0       0       0       0       0       0       0       0
Total ram usage:        2 bytes
 Hardware stack levels used:    1
 Hardware stack levels required when called:    3
 This function calls:
		_DelayPORXLCD
		_Delay10KTCYx
		_WriteCmdXLCD
		_SetDDRamAddr
		_BusyXLCD
 This function is called by:
		_main
 This function uses a non-reentrant model


 *************** function _SetDDRamAddr *****************
 Defined at:
		line 14 in file "C:\Program Files (x86)\Microchip\xc8\v1.21\sources\pic18\plib\XLCD\setddram.c"
 Parameters:    Size  Location     Type
  DDaddr          1    3[COMRAM] unsigned char 
 Auto vars:     Size  Location     Type
		None
 Return value:  Size  Location     Type
		None               void
 Registers used:
		wreg, status,2, status,0, cstack
 Tracked objects:
		On entry : 
		On exit  : 
		Unchanged: 
 Data sizes:     COMRAM   BANK0   BANK1   BANK2   BANK3   BANK4   BANK5   BANK6   BANK7
      Params:         1       0       0       0       0       0       0       0       0
      Locals:         0       0       0       0       0       0       0       0       0
      Temps:          3       0       0       0       0       0       0       0       0
      Totals:         4       0       0       0       0       0       0       0       0
Total ram usage:        4 bytes
 Hardware stack levels used:    1
 Hardware stack levels required when called:    2
 This function calls:
		_DelayFor18TCY
 This function is called by:
		_main
		_OpenXLCD
 This function uses a non-reentrant model


 *************** function _Delay10KTCYx *****************
 Defined at:
		line 9 in file "C:\Program Files (x86)\Microchip\xc8\v1.21\sources\pic18\d10ktcyx.c"
 Parameters:    Size  Location     Type
  unit            1    0[COMRAM] unsigned char 
 Auto vars:     Size  Location     Type
		None
 Return value:  Size  Location     Type
		None               void
 Registers used:
		wreg
 Tracked objects:
		On entry : 
		On exit  : 
		Unchanged: 
 Data sizes:     COMRAM   BANK0   BANK1   BANK2   BANK3   BANK4   BANK5   BANK6   BANK7
      Params:         1       0       0       0       0       0       0       0       0
      Locals:         0       0       0       0       0       0       0       0       0
      Temps:          1       0       0       0       0       0       0       0       0
      Totals:         2       0       0       0       0       0       0       0       0
Total ram usage:        2 bytes
 Hardware stack levels used:    1
 This function calls:
		Nothing
 This function is called by:
		_OpenXLCD
		_Delay_s_
 This function uses a non-reentrant model


 *************** function _DelayPORXLCD *****************
 Defined at:
		line 54 in file "delay.c"
 Parameters:    Size  Location     Type
		None
 Auto vars:     Size  Location     Type
		None
 Return value:  Size  Location     Type
		None               void
 Registers used:
		wreg, status,2, cstack
 Tracked objects:
		On entry : 
		On exit  : 
		Unchanged: 
 Data sizes:     COMRAM   BANK0   BANK1   BANK2   BANK3   BANK4   BANK5   BANK6   BANK7
      Params:         0       0       0       0       0       0       0       0       0
      Locals:         0       0       0       0       0       0       0       0       0
      Temps:          1       0       0       0       0       0       0       0       0
      Totals:         1       0       0       0       0       0       0       0       0
Total ram usage:        1 bytes
 Hardware stack levels used:    1
 Hardware stack levels required when called:    1
 This function calls:
		_Delay1KTCYx
 This function is called by:
		_OpenXLCD
 This function uses a non-reentrant model


 *************** function _Delay1KTCYx *****************
 Defined at:
		line 9 in file "C:\Program Files (x86)\Microchip\xc8\v1.21\sources\pic18\d1ktcyx.c"
 Parameters:    Size  Location     Type
  unit            1    0[COMRAM] unsigned char 
 Auto vars:     Size  Location     Type
		None
 Return value:  Size  Location     Type
		None               void
 Registers used:
		wreg
 Tracked objects:
		On entry : 
		On exit  : 
		Unchanged: 
 Data sizes:     COMRAM   BANK0   BANK1   BANK2   BANK3   BANK4   BANK5   BANK6   BANK7
      Params:         1       0       0       0       0       0       0       0       0
      Locals:         0       0       0       0       0       0       0       0       0
      Temps:          0       0       0       0       0       0       0       0       0
      Totals:         1       0       0       0       0       0       0       0       0
Total ram usage:        1 bytes
 Hardware stack levels used:    1
 This function calls:
		Nothing
 This function is called by:
		_DelayPORXLCD
		_delay_ms
		_delay_us
		_DelayXLCD
 This function uses a non-reentrant model


 *************** function _Display *****************
 Defined at:
		line 48 in file "display.c"
 Parameters:    Size  Location     Type
  val             3   87[COMRAM] float 
 Auto vars:     Size  Location     Type
  voltage         6   33[BANK0 ] unsigned char [6]
 Return value:  Size  Location     Type
		None               void
 Registers used:
		wreg, fsr1l, fsr1h, fsr2l, fsr2h, status,2, status,0, tblptrl, tblptrh, tblptru, prodl, prodh, cstack
 Tracked objects:
		On entry : 
		On exit  : 
		Unchanged: 
 Data sizes:     COMRAM   BANK0   BANK1   BANK2   BANK3   BANK4   BANK5   BANK6   BANK7
      Params:         3       0       0       0       0       0       0       0       0
      Locals:         0       6       0       0       0       0       0       0       0
      Temps:          1       0       0       0       0       0       0       0       0
      Totals:         4       6       0       0       0       0       0       0       0
Total ram usage:       10 bytes
 Hardware stack levels used:    1
 Hardware stack levels required when called:    5
 This function calls:
		_sprintf
		_WriteCmdXLCD
		_putsXLCD
 This function is called by:
		_main
 This function uses a non-reentrant model


 *************** function _putsXLCD *****************
 Defined at:
		line 17 in file "C:\Program Files (x86)\Microchip\xc8\v1.21\sources\pic18\plib\XLCD\putsxlcd.c"
 Parameters:    Size  Location     Type
  buffer          2    4[COMRAM] PTR unsigned char 
		 -> str1(9), Display@voltage(6), 
 Auto vars:     Size  Location     Type
		None
 Return value:  Size  Location     Type
		None               void
 Registers used:
		wreg, fsr2l, fsr2h, status,2, status,0, cstack
 Tracked objects:
		On entry : 
		On exit  : 
		Unchanged: 
 Data sizes:     COMRAM   BANK0   BANK1   BANK2   BANK3   BANK4   BANK5   BANK6   BANK7
      Params:         2       0       0       0       0       0       0       0       0
      Locals:         0       0       0       0       0       0       0       0       0
      Temps:          0       0       0       0       0       0       0       0       0
      Totals:         2       0       0       0       0       0       0       0       0
Total ram usage:        2 bytes
 Hardware stack levels used:    1
 Hardware stack levels required when called:    3
 This function calls:
		_BusyXLCD
		_WriteDataXLCD
 This function is called by:
		_Display
		_main
 This function uses a non-reentrant model


 *************** function _WriteDataXLCD *****************
 Defined at:
		line 65 in file "xlcd.c"
 Parameters:    Size  Location     Type
  data            1    3[COMRAM] unsigned char 
 Auto vars:     Size  Location     Type
		None
 Return value:  Size  Location     Type
		None               void
 Registers used:
		wreg, status,2, status,0, cstack
 Tracked objects:
		On entry : 
		On exit  : 
		Unchanged: 
 Data sizes:     COMRAM   BANK0   BANK1   BANK2   BANK3   BANK4   BANK5   BANK6   BANK7
      Params:         1       0       0       0       0       0       0       0       0
      Locals:         0       0       0       0       0       0       0       0       0
      Temps:          0       0       0       0       0       0       0       0       0
      Totals:         1       0       0       0       0       0       0       0       0
Total ram usage:        1 bytes
 Hardware stack levels used:    1
 Hardware stack levels required when called:    2
 This function calls:
		_DelayFor18TCY
 This function is called by:
		_putsXLCD
 This function uses a non-reentrant model


 *************** function _BusyXLCD *****************
 Defined at:
		line 25 in file "xlcd.c"
 Parameters:    Size  Location     Type
		None
 Auto vars:     Size  Location     Type
		None
 Return value:  Size  Location     Type
                  1    wreg      unsigned char 
 Registers used:
		wreg, status,2, status,0, cstack
 Tracked objects:
		On entry : 
		On exit  : 
		Unchanged: 
 Data sizes:     COMRAM   BANK0   BANK1   BANK2   BANK3   BANK4   BANK5   BANK6   BANK7
      Params:         0       0       0       0       0       0       0       0       0
      Locals:         0       0       0       0       0       0       0       0       0
      Temps:          0       0       0       0       0       0       0       0       0
      Totals:         0       0       0       0       0       0       0       0       0
Total ram usage:        0 bytes
 Hardware stack levels used:    1
 Hardware stack levels required when called:    2
 This function calls:
		_DelayFor18TCY
 This function is called by:
		_OpenXLCD
		_putsXLCD
 This function uses a non-reentrant model


 *************** function _WriteCmdXLCD *****************
 Defined at:
		line 47 in file "xlcd.c"
 Parameters:    Size  Location     Type
  cmd             1    3[COMRAM] unsigned char 
 Auto vars:     Size  Location     Type
		None
 Return value:  Size  Location     Type
		None               void
 Registers used:
		wreg, status,2, status,0, cstack
 Tracked objects:
		On entry : 
		On exit  : 
		Unchanged: 
 Data sizes:     COMRAM   BANK0   BANK1   BANK2   BANK3   BANK4   BANK5   BANK6   BANK7
      Params:         1       0       0       0       0       0       0       0       0
      Locals:         0       0       0       0       0       0       0       0       0
      Temps:          0       0       0       0       0       0       0       0       0
      Totals:         1       0       0       0       0       0       0       0       0
Total ram usage:        1 bytes
 Hardware stack levels used:    1
 Hardware stack levels required when called:    2
 This function calls:
		_DelayFor18TCY
 This function is called by:
		_Display
		_main
		_OpenXLCD
 This function uses a non-reentrant model


 *************** function _DelayFor18TCY *****************
 Defined at:
		line 46 in file "delay.c"
 Parameters:    Size  Location     Type
		None
 Auto vars:     Size  Location     Type
  i               1    2[COMRAM] unsigned char 
 Return value:  Size  Location     Type
		None               void
 Registers used:
		wreg, status,2, status,0, cstack
 Tracked objects:
		On entry : 
		On exit  : 
		Unchanged: 
 Data sizes:     COMRAM   BANK0   BANK1   BANK2   BANK3   BANK4   BANK5   BANK6   BANK7
      Params:         0       0       0       0       0       0       0       0       0
      Locals:         1       0       0       0       0       0       0       0       0
      Temps:          1       0       0       0       0       0       0       0       0
      Totals:         2       0       0       0       0       0       0       0       0
Total ram usage:        2 bytes
 Hardware stack levels used:    1
 Hardware stack levels required when called:    1
 This function calls:
		_Delay10TCYx
 This function is called by:
		_BusyXLCD
		_WriteCmdXLCD
		_WriteDataXLCD
		_SetDDRamAddr
 This function uses a non-reentrant model


 *************** function _Delay10TCYx *****************
 Defined at:
		line 9 in file "C:\Program Files (x86)\Microchip\xc8\v1.21\sources\pic18\d10tcyx.c"
 Parameters:    Size  Location     Type
  unit            1    0[COMRAM] unsigned char 
 Auto vars:     Size  Location     Type
		None
 Return value:  Size  Location     Type
		None               void
 Registers used:
		wreg
 Tracked objects:
		On entry : 
		On exit  : 
		Unchanged: 
 Data sizes:     COMRAM   BANK0   BANK1   BANK2   BANK3   BANK4   BANK5   BANK6   BANK7
      Params:         1       0       0       0       0       0       0       0       0
      Locals:         0       0       0       0       0       0       0       0       0
      Temps:          0       0       0       0       0       0       0       0       0
      Totals:         1       0       0       0       0       0       0       0       0
Total ram usage:        1 bytes
 Hardware stack levels used:    1
 This function calls:
		Nothing
 This function is called by:
		_DelayFor18TCY
 This function uses a non-reentrant model


 *************** function _sprintf *****************
 Defined at:
		line 493 in file "C:\Program Files (x86)\Microchip\xc8\v1.21\sources\common\doprnt.c"
 Parameters:    Size  Location     Type
  sp              2   74[COMRAM] PTR unsigned char 
		 -> Display@voltage(6), 
  f               2   76[COMRAM] PTR const unsigned char 
		 -> STR_1(7), 
 Auto vars:     Size  Location     Type
  vd              2    9[BANK0 ] unsigned int 
  vd              2   11[BANK0 ] unsigned int 
  _val            5   13[BANK0 ] struct .
  fval            3   27[BANK0 ] struct .
  integ           3   18[BANK0 ] struct .
  ival            3    0        struct .
  prec            2   30[BANK0 ] int 
  exp             2   25[BANK0 ] int 
  width           2   23[BANK0 ] int 
  flag            2   21[BANK0 ] unsigned short 
  ap              2    7[BANK0 ] PTR void [1]
		 -> ?_sprintf(2), 
  c               1   32[BANK0 ] char 
  d               1    0        unsigned char 
 Return value:  Size  Location     Type
                  2   74[COMRAM] int 
 Registers used:
		wreg, fsr2l, fsr2h, status,2, status,0, tblptrl, tblptrh, tblptru, prodl, prodh, cstack
 Tracked objects:
		On entry : 
		On exit  : 
		Unchanged: 
 Data sizes:     COMRAM   BANK0   BANK1   BANK2   BANK3   BANK4   BANK5   BANK6   BANK7
      Params:         7       0       0       0       0       0       0       0       0
      Locals:         0      33       0       0       0       0       0       0       0
      Temps:          6       0       0       0       0       0       0       0       0
      Totals:        13      33       0       0       0       0       0       0       0
Total ram usage:       46 bytes
 Hardware stack levels used:    1
 Hardware stack levels required when called:    4
 This function calls:
		_fround
		_scale
		_isdigit
		__tdiv_to_l_
		__div_to_l_
		___asftadd
		___asftmul
		___ftmul
		___asftsub
		___awdiv
		___ftge
		___ftneg
		___fttol
		___lldiv
		___llmod
		___lltoft
		___lwmod
		___wmul
 This function is called by:
		_Display
 This function uses a non-reentrant model


 *************** function ___lwmod *****************
 Defined at:
		line 10 in file "C:\Program Files (x86)\Microchip\xc8\v1.21\sources\common\lwmod.c"
 Parameters:    Size  Location     Type
  dividend        2    0[COMRAM] unsigned int 
  divisor         2    2[COMRAM] unsigned int 
 Auto vars:     Size  Location     Type
  counter         1    5[COMRAM] unsigned char 
 Return value:  Size  Location     Type
                  2    0[COMRAM] unsigned int 
 Registers used:
		wreg, status,2, status,0
 Tracked objects:
		On entry : 
		On exit  : 
		Unchanged: 
 Data sizes:     COMRAM   BANK0   BANK1   BANK2   BANK3   BANK4   BANK5   BANK6   BANK7
      Params:         4       0       0       0       0       0       0       0       0
      Locals:         1       0       0       0       0       0       0       0       0
      Temps:          1       0       0       0       0       0       0       0       0
      Totals:         6       0       0       0       0       0       0       0       0
Total ram usage:        6 bytes
 Hardware stack levels used:    1
 This function calls:
		Nothing
 This function is called by:
		_sprintf
 This function uses a non-reentrant model


 *************** function ___lltoft *****************
 Defined at:
		line 36 in file "C:\Program Files (x86)\Microchip\xc8\v1.21\sources\common\lltoft.c"
 Parameters:    Size  Location     Type
  c               4    8[COMRAM] unsigned long 
 Auto vars:     Size  Location     Type
  exp             1   16[COMRAM] unsigned char 
 Return value:  Size  Location     Type
                  3    8[COMRAM] float 
 Registers used:
		wreg, status,2, status,0, cstack
 Tracked objects:
		On entry : 
		On exit  : 
		Unchanged: 
 Data sizes:     COMRAM   BANK0   BANK1   BANK2   BANK3   BANK4   BANK5   BANK6   BANK7
      Params:         4       0       0       0       0       0       0       0       0
      Locals:         1       0       0       0       0       0       0       0       0
      Temps:          4       0       0       0       0       0       0       0       0
      Totals:         9       0       0       0       0       0       0       0       0
Total ram usage:        9 bytes
 Hardware stack levels used:    1
 Hardware stack levels required when called:    1
 This function calls:
		___ftpack
 This function is called by:
		_sprintf
 This function uses a non-reentrant model


 *************** function ___llmod *****************
 Defined at:
		line 10 in file "C:\Program Files (x86)\Microchip\xc8\v1.21\sources\common\llmod.c"
 Parameters:    Size  Location     Type
  dividend        4    0[COMRAM] unsigned long 
  divisor         4    4[COMRAM] unsigned long 
 Auto vars:     Size  Location     Type
  counter         1    9[COMRAM] unsigned char 
 Return value:  Size  Location     Type
                  4    0[COMRAM] unsigned long 
 Registers used:
		wreg, status,2, status,0
 Tracked objects:
		On entry : 
		On exit  : 
		Unchanged: 
 Data sizes:     COMRAM   BANK0   BANK1   BANK2   BANK3   BANK4   BANK5   BANK6   BANK7
      Params:         8       0       0       0       0       0       0       0       0
      Locals:         1       0       0       0       0       0       0       0       0
      Temps:          1       0       0       0       0       0       0       0       0
      Totals:        10       0       0       0       0       0       0       0       0
Total ram usage:       10 bytes
 Hardware stack levels used:    1
 This function calls:
		Nothing
 This function is called by:
		_sprintf
 This function uses a non-reentrant model


 *************** function ___lldiv *****************
 Defined at:
		line 10 in file "C:\Program Files (x86)\Microchip\xc8\v1.21\sources\common\lldiv.c"
 Parameters:    Size  Location     Type
  dividend        4    0[COMRAM] unsigned long 
  divisor         4    4[COMRAM] unsigned long 
 Auto vars:     Size  Location     Type
  quotient        4    9[COMRAM] unsigned long 
  counter         1   13[COMRAM] unsigned char 
 Return value:  Size  Location     Type
                  4    0[COMRAM] unsigned long 
 Registers used:
		wreg, status,2, status,0
 Tracked objects:
		On entry : 
		On exit  : 
		Unchanged: 
 Data sizes:     COMRAM   BANK0   BANK1   BANK2   BANK3   BANK4   BANK5   BANK6   BANK7
      Params:         8       0       0       0       0       0       0       0       0
      Locals:         5       0       0       0       0       0       0       0       0
      Temps:          1       0       0       0       0       0       0       0       0
      Totals:        14       0       0       0       0       0       0       0       0
Total ram usage:       14 bytes
 Hardware stack levels used:    1
 This function calls:
		Nothing
 This function is called by:
		_sprintf
 This function uses a non-reentrant model


 *************** function ___fttol *****************
 Defined at:
		line 45 in file "C:\Program Files (x86)\Microchip\xc8\v1.21\sources\common\fttol.c"
 Parameters:    Size  Location     Type
  f1              3   22[COMRAM] float 
 Auto vars:     Size  Location     Type
  lval            4   32[COMRAM] unsigned long 
  exp1            1   36[COMRAM] unsigned char 
  sign1           1   31[COMRAM] unsigned char 
 Return value:  Size  Location     Type
                  4   22[COMRAM] long 
 Registers used:
		wreg, status,2, status,0
 Tracked objects:
		On entry : 
		On exit  : 
		Unchanged: 
 Data sizes:     COMRAM   BANK0   BANK1   BANK2   BANK3   BANK4   BANK5   BANK6   BANK7
      Params:         4       0       0       0       0       0       0       0       0
      Locals:         6       0       0       0       0       0       0       0       0
      Temps:          5       0       0       0       0       0       0       0       0
      Totals:        15       0       0       0       0       0       0       0       0
Total ram usage:       15 bytes
 Hardware stack levels used:    1
 This function calls:
		Nothing
 This function is called by:
		_sprintf
 This function uses a non-reentrant model


 *************** function ___ftneg *****************
 Defined at:
		line 16 in file "C:\Program Files (x86)\Microchip\xc8\v1.21\sources\common\ftneg.c"
 Parameters:    Size  Location     Type
  f1              3    0[COMRAM] float 
 Auto vars:     Size  Location     Type
		None
 Return value:  Size  Location     Type
                  3    0[COMRAM] float 
 Registers used:
		wreg, status,2, status,0
 Tracked objects:
		On entry : 
		On exit  : 
		Unchanged: 
 Data sizes:     COMRAM   BANK0   BANK1   BANK2   BANK3   BANK4   BANK5   BANK6   BANK7
      Params:         3       0       0       0       0       0       0       0       0
      Locals:         0       0       0       0       0       0       0       0       0
      Temps:          0       0       0       0       0       0       0       0       0
      Totals:         3       0       0       0       0       0       0       0       0
Total ram usage:        3 bytes
 Hardware stack levels used:    1
 This function calls:
		Nothing
 This function is called by:
		_sprintf
 This function uses a non-reentrant model


 *************** function ___ftge *****************
 Defined at:
		line 5 in file "C:\Program Files (x86)\Microchip\xc8\v1.21\sources\common\ftge.c"
 Parameters:    Size  Location     Type
  ff1             3    0[COMRAM] float 
  ff2             3    3[COMRAM] float 
 Auto vars:     Size  Location     Type
		None
 Return value:  Size  Location     Type
		None               void
 Registers used:
		wreg, status,2, status,0
 Tracked objects:
		On entry : 
		On exit  : 
		Unchanged: 
 Data sizes:     COMRAM   BANK0   BANK1   BANK2   BANK3   BANK4   BANK5   BANK6   BANK7
      Params:         6       0       0       0       0       0       0       0       0
      Locals:         0       0       0       0       0       0       0       0       0
      Temps:          3       0       0       0       0       0       0       0       0
      Totals:         9       0       0       0       0       0       0       0       0
Total ram usage:        9 bytes
 Hardware stack levels used:    1
 This function calls:
		Nothing
 This function is called by:
		_sprintf
 This function uses a non-reentrant model


 *************** function ___asftsub *****************
 Defined at:
		line 5 in file "C:\Program Files (x86)\Microchip\xc8\v1.21\sources\pic18\asftsub.c"
 Parameters:    Size  Location     Type
  f1p             2   28[COMRAM] PTR float 
		 -> sprintf@fval(3), 
  f2              3   30[COMRAM] float 
 Auto vars:     Size  Location     Type
		None
 Return value:  Size  Location     Type
                  3   28[COMRAM] float 
 Registers used:
		wreg, fsr2l, fsr2h, status,2, status,0, cstack
 Tracked objects:
		On entry : 
		On exit  : 
		Unchanged: 
 Data sizes:     COMRAM   BANK0   BANK1   BANK2   BANK3   BANK4   BANK5   BANK6   BANK7
      Params:         5       0       0       0       0       0       0       0       0
      Locals:         0       0       0       0       0       0       0       0       0
      Temps:          0       0       0       0       0       0       0       0       0
      Totals:         5       0       0       0       0       0       0       0       0
Total ram usage:        5 bytes
 Hardware stack levels used:    1
 Hardware stack levels required when called:    3
 This function calls:
		___ftsub
 This function is called by:
		_sprintf
 This function uses a non-reentrant model


 *************** function ___ftsub *****************
 Defined at:
		line 22 in file "C:\Program Files (x86)\Microchip\xc8\v1.21\sources\common\ftsub.c"
 Parameters:    Size  Location     Type
  f1              3   22[COMRAM] float 
  f2              3   25[COMRAM] float 
 Auto vars:     Size  Location     Type
		None
 Return value:  Size  Location     Type
                  3   22[COMRAM] float 
 Registers used:
		wreg, status,2, status,0, cstack
 Tracked objects:
		On entry : 
		On exit  : 
		Unchanged: 
 Data sizes:     COMRAM   BANK0   BANK1   BANK2   BANK3   BANK4   BANK5   BANK6   BANK7
      Params:         6       0       0       0       0       0       0       0       0
      Locals:         0       0       0       0       0       0       0       0       0
      Temps:          0       0       0       0       0       0       0       0       0
      Totals:         6       0       0       0       0       0       0       0       0
Total ram usage:        6 bytes
 Hardware stack levels used:    1
 Hardware stack levels required when called:    2
 This function calls:
		___ftadd
 This function is called by:
		___asftsub
 This function uses a non-reentrant model


 *************** function ___asftmul *****************
 Defined at:
		line 5 in file "C:\Program Files (x86)\Microchip\xc8\v1.21\sources\pic18\asftmul.c"
 Parameters:    Size  Location     Type
  f1p             2   54[COMRAM] PTR float 
		 -> sprintf@integ(3), 
  f2              3   56[COMRAM] float 
 Auto vars:     Size  Location     Type
		None
 Return value:  Size  Location     Type
                  3   54[COMRAM] float 
 Registers used:
		wreg, fsr2l, fsr2h, status,2, status,0, cstack
 Tracked objects:
		On entry : 
		On exit  : 
		Unchanged: 
 Data sizes:     COMRAM   BANK0   BANK1   BANK2   BANK3   BANK4   BANK5   BANK6   BANK7
      Params:         5       0       0       0       0       0       0       0       0
      Locals:         0       0       0       0       0       0       0       0       0
      Temps:          0       0       0       0       0       0       0       0       0
      Totals:         5       0       0       0       0       0       0       0       0
Total ram usage:        5 bytes
 Hardware stack levels used:    1
 Hardware stack levels required when called:    2
 This function calls:
		___ftmul
 This function is called by:
		_sprintf
 This function uses a non-reentrant model


 *************** function ___asftadd *****************
 Defined at:
		line 5 in file "C:\Program Files (x86)\Microchip\xc8\v1.21\sources\pic18\asftadd.c"
 Parameters:    Size  Location     Type
  f1p             2   69[COMRAM] PTR float 
		 -> sprintf@fval(3), 
  f2              3   71[COMRAM] float 
 Auto vars:     Size  Location     Type
		None
 Return value:  Size  Location     Type
                  3   69[COMRAM] float 
 Registers used:
		wreg, fsr2l, fsr2h, status,2, status,0, cstack
 Tracked objects:
		On entry : 
		On exit  : 
		Unchanged: 
 Data sizes:     COMRAM   BANK0   BANK1   BANK2   BANK3   BANK4   BANK5   BANK6   BANK7
      Params:         5       0       0       0       0       0       0       0       0
      Locals:         0       0       0       0       0       0       0       0       0
      Temps:          0       0       0       0       0       0       0       0       0
      Totals:         5       0       0       0       0       0       0       0       0
Total ram usage:        5 bytes
 Hardware stack levels used:    1
 Hardware stack levels required when called:    2
 This function calls:
		___ftadd
 This function is called by:
		_sprintf
[...]
 Parameters:    Size  Location     Type
  arg             3    0[COMRAM] unsigned um
  exp             1    3[COMRAM] unsigned char 
  sign            1    4[COMRAM] unsigned char 
 Auto vars:     Size  Location     Type
		None
 Return value:  Size  Location     Type
                  3    0[COMRAM] float 
 Registers used:
		wreg, status,2, status,0
 Tracked objects:
		On entry : 
		On exit  : 
		Unchanged: 
 Data sizes:     COMRAM   BANK0   BANK1   BANK2   BANK3   BANK4   BANK5   BANK6   BANK7
      Params:         5       0       0       0       0       0       0       0       0
      Locals:         0       0       0       0       0       0       0       0       0
      Temps:          3       0       0       0       0       0       0       0       0
      Totals:         8       0       0       0       0       0       0       0       0
Total ram usage:        8 bytes
 Hardware stack levels used:    1
 This function calls:
		Nothing
 This function is called by:
		___awtoft
		___ftadd
		___ftdiv
		___ftmul
		___lltoft
 This function uses a non-reentrant model


 *************** function __div_to_l_ *****************
 Defined at:
		line 61 in file "C:\Program Files (x86)\Microchip\xc8\v1.21\sources\common\fldivl.c"
 Parameters:    Size  Location     Type
  f1              3    0[COMRAM] float 
  f2              3    3[COMRAM] float 
 Auto vars:     Size  Location     Type
  quot            4    7[COMRAM] unsigned long 
  exp1            1   12[COMRAM] unsigned char 
  cntr            1   11[COMRAM] unsigned char 
 Return value:  Size  Location     Type
                  4    0[COMRAM] unsigned long 
 Registers used:
		wreg, status,2, status,0
 Tracked objects:
		On entry : 
		On exit  : 
		Unchanged: 
 Data sizes:     COMRAM   BANK0   BANK1   BANK2   BANK3   BANK4   BANK5   BANK6   BANK7
      Params:         6       0       0       0       0       0       0       0       0
      Locals:         6       0       0       0       0       0       0       0       0
      Temps:          1       0       0       0       0       0       0       0       0
      Totals:        13       0       0       0       0       0       0       0       0
Total ram usage:       13 bytes
 Hardware stack levels used:    1
 This function calls:
		Nothing
 This function is called by:
		_sprintf
 This function uses a non-reentrant model


 *************** function __tdiv_to_l_ *****************
 Defined at:
		line 61 in file "C:\Program Files (x86)\Microchip\xc8\v1.21\sources\common\ftdivl.c"
 Parameters:    Size  Location     Type
  f1              3    0[COMRAM] float 
  f2              3    3[COMRAM] float 
 Auto vars:     Size  Location     Type
  quot            4   11[COMRAM] unsigned long 
  exp1            1   16[COMRAM] unsigned char 
  cntr            1   15[COMRAM] unsigned char 
 Return value:  Size  Location     Type
                  4    0[COMRAM] unsigned long 
 Registers used:
		wreg, status,2, status,0
 Tracked objects:
		On entry : 
		On exit  : 
		Unchanged: 
 Data sizes:     COMRAM   BANK0   BANK1   BANK2   BANK3   BANK4   BANK5   BANK6   BANK7
      Params:         6       0       0       0       0       0       0       0       0
      Locals:         6       0       0       0       0       0       0       0       0
      Temps:          5       0       0       0       0       0       0       0       0
      Totals:        17       0       0       0       0       0       0       0       0
Total ram usage:       17 bytes
 Hardware stack levels used:    1
 This function calls:
		Nothing
 This function is called by:
		_sprintf
 This function uses a non-reentrant model


 *************** function _isdigit *****************
 Defined at:
		line 13 in file "C:\Program Files (x86)\Microchip\xc8\v1.21\sources\common\isdigit.c"
 Parameters:    Size  Location     Type
  c               1    0[COMRAM] unsigned char 
 Auto vars:     Size  Location     Type
		None
 Return value:  Size  Location     Type
		None               void
 Registers used:
		wreg, status,2, status,0
 Tracked objects:
		On entry : 
		On exit  : 
		Unchanged: 
 Data sizes:     COMRAM   BANK0   BANK1   BANK2   BANK3   BANK4   BANK5   BANK6   BANK7
      Params:         1       0       0       0       0       0       0       0       0
      Locals:         1       0       0       0       0       0       0       0       0
      Temps:          1       0       0       0       0       0       0       0       0
      Totals:         3       0       0       0       0       0       0       0       0
Total ram usage:        3 bytes
 Hardware stack levels used:    1
 This function calls:
		Nothing
 This function is called by:
		_sprintf
 This function uses a non-reentrant model


 *************** function _scale *****************
 Defined at:
		line 426 in file "C:\Program Files (x86)\Microchip\xc8\v1.21\sources\common\doprnt.c"
 Parameters:    Size  Location     Type
  scl             1   54[COMRAM] char 
 Auto vars:     Size  Location     Type
		None
 Return value:  Size  Location     Type
                  3   54[COMRAM] char 
 Registers used:
		wreg, status,2, status,0, tblptrl, tblptrh, tblptru, prodl, prodh, cstack
 Tracked objects:
		On entry : 
		On exit  : 
		Unchanged: 
 Data sizes:     COMRAM   BANK0   BANK1   BANK2   BANK3   BANK4   BANK5   BANK6   BANK7
      Params:         3       0       0       0       0       0       0       0       0
      Locals:         3       0       0       0       0       0       0       0       0
      Temps:          6       0       0       0       0       0       0       0       0
      Totals:        12       0       0       0       0       0       0       0       0
Total ram usage:       12 bytes
 Hardware stack levels used:    1
 Hardware stack levels required when called:    2
 This function calls:
		___ftmul
		___awdiv
		___awmod
		___wmul
 This function is called by:
		_sprintf
 This function uses a non-reentrant model


 *************** function ___wmul *****************
 Defined at:
		line 5 in file "C:\Program Files (x86)\Microchip\xc8\v1.21\sources\common\wmul.c"
 Parameters:    Size  Location     Type
  multiplier      2   16[COMRAM] unsigned int 
  multiplicand    2   18[COMRAM] unsigned int 
 Auto vars:     Size  Location     Type
  product         2   20[COMRAM] unsigned int 
 Return value:  Size  Location     Type
                  2   16[COMRAM] unsigned int 
 Registers used:
		wreg, status,2, status,0, prodl, prodh
 Tracked objects:
		On entry : 
		On exit  : 
		Unchanged: 
 Data sizes:     COMRAM   BANK0   BANK1   BANK2   BANK3   BANK4   BANK5   BANK6   BANK7
      Params:         4       0       0       0       0       0       0       0       0
      Locals:         2       0       0       0       0       0       0       0       0
      Temps:          0       0       0       0       0       0       0       0       0
      Totals:         6       0       0       0       0       0       0       0       0
Total ram usage:        6 bytes
 Hardware stack levels used:    1
 This function calls:
		Nothing
 This function is called by:
		_fround
		_scale
		_sprintf
 This function uses a non-reentrant model


 *************** function ___awmod *****************
 Defined at:
		line 10 in file "C:\Program Files (x86)\Microchip\xc8\v1.21\sources\common\awmod.c"
 Parameters:    Size  Location     Type
  dividend        2    0[COMRAM] int 
  divisor         2    2[COMRAM] int 
 Auto vars:     Size  Location     Type
  sign            1    6[COMRAM] unsigned char 
  counter         1    5[COMRAM] unsigned char 
 Return value:  Size  Location     Type
                  2    0[COMRAM] int 
 Registers used:
		wreg, status,2, status,0
 Tracked objects:
		On entry : 
		On exit  : 
		Unchanged: 
 Data sizes:     COMRAM   BANK0   BANK1   BANK2   BANK3   BANK4   BANK5   BANK6   BANK7
      Params:         4       0       0       0       0       0       0       0       0
      Locals:         2       0       0       0       0       0       0       0       0
      Temps:          1       0       0       0       0       0       0       0       0
      Totals:         7       0       0       0       0       0       0       0       0
Total ram usage:        7 bytes
 Hardware stack levels used:    1
 This function calls:
		Nothing
 This function is called by:
		_fround
		_scale
 This function uses a non-reentrant model


 *************** function ___awdiv *****************
 Defined at:
		line 10 in file "C:\Program Files (x86)\Microchip\xc8\v1.21\sources\common\awdiv.c"
 Parameters:    Size  Location     Type
  dividend        2    7[COMRAM] int 
  divisor         2    9[COMRAM] int 
 Auto vars:     Size  Location     Type
  quotient        2   14[COMRAM] int 
  sign            1   13[COMRAM] unsigned char 
  counter         1   12[COMRAM] unsigned char 
 Return value:  Size  Location     Type
                  2    7[COMRAM] int 
 Registers used:
		wreg, status,2, status,0
 Tracked objects:
		On entry : 
		On exit  : 
		Unchanged: 
 Data sizes:     COMRAM   BANK0   BANK1   BANK2   BANK3   BANK4   BANK5   BANK6   BANK7
      Params:         4       0       0       0       0       0       0       0       0
      Locals:         4       0       0       0       0       0       0       0       0
      Temps:          1       0       0       0       0       0       0       0       0
      Totals:         9       0       0       0       0       0       0       0       0
Total ram usage:        9 bytes
 Hardware stack levels used:    1
 This function calls:
		Nothing
 This function is called by:
		_fround
		_scale
		_sprintf
 This function uses a non-reentrant model


 *************** function ___ftmul *****************
 Defined at:
		line 52 in file "C:\Program Files (x86)\Microchip\xc8\v1.21\sources\common\ftmul.c"
 Parameters:    Size  Location     Type
  f1              3   37[COMRAM] float 
  f2              3   40[COMRAM] float 
 Auto vars:     Size  Location     Type
  f3_as_produc    3   49[COMRAM] unsigned um
  sign            1   53[COMRAM] unsigned char 
  cntr            1   52[COMRAM] unsigned char 
  exp             1   48[COMRAM] unsigned char 
 Return value:  Size  Location     Type
                  3   37[COMRAM] float 
 Registers used:
		wreg, status,2, status,0, cstack
 Tracked objects:
		On entry : 
		On exit  : 
		Unchanged: 
 Data sizes:     COMRAM   BANK0   BANK1   BANK2   BANK3   BANK4   BANK5   BANK6   BANK7
      Params:         6       0       0       0       0       0       0       0       0
      Locals:         6       0       0       0       0       0       0       0       0
      Temps:          5       0       0       0       0       0       0       0       0
      Totals:        17       0       0       0       0       0       0       0       0
Total ram usage:       17 bytes
 Hardware stack levels used:    1
 Hardware stack levels required when called:    1
 This function calls:
		___ftpack
 This function is called by:
		_ADC_Value
		_fround
		_scale
		_sprintf
		___asftmul
 This function uses a non-reentrant model


 *************** function _fround *****************
 Defined at:
		line 410 in file "C:\Program Files (x86)\Microchip\xc8\v1.21\sources\common\doprnt.c"
 Parameters:    Size  Location     Type
  prec            1   54[COMRAM] unsigned char 
 Auto vars:     Size  Location     Type
		None
 Return value:  Size  Location     Type
                  3   54[COMRAM] unsigned char 
 Registers used:
		wreg, status,2, status,0, tblptrl, tblptrh, tblptru, prodl, prodh, cstack
 Tracked objects:
		On entry : 
		On exit  : 
		Unchanged: 
 Data sizes:     COMRAM   BANK0   BANK1   BANK2   BANK3   BANK4   BANK5   BANK6   BANK7
      Params:         3       0       0       0       0       0       0       0       0
      Locals:         6       0       0       0       0       0       0       0       0
      Temps:          6       0       0       0       0       0       0       0       0
      Totals:        15       0       0       0       0       0       0       0       0
Total ram usage:       15 bytes
 Hardware stack levels used:    1
 Hardware stack levels required when called:    2
 This function calls:
		___ftmul
		___awdiv
		___awmod
		___wmul
 This function is called by:
		_sprintf
 This function uses a non-reentrant model



MODULE INFORMATION

Module		Function		Class		Link	Load	Size
C:\Program Files (x86)\Microchip\xc8\v1.21\sources\pic18\asftadd.c
		___asftadd     		CODE           	2840	0000	60

C:\Program Files (x86)\Microchip\xc8\v1.21\sources\pic18\asftadd.c estimated size: 60

C:\Program Files (x86)\Microchip\xc8\v1.21\sources\common\float.c
		___ftpack      		CODE           	214A	0000	184

C:\Program Files (x86)\Microchip\xc8\v1.21\sources\common\float.c estimated size: 184

C:\Program Files (x86)\Microchip\xc8\v1.21\sources\pic18\d10tcyx.c
		_Delay10TCYx   		CODE           	2A1C	0000	14

C:\Program Files (x86)\Microchip\xc8\v1.21\sources\pic18\d10tcyx.c estimated size: 14

C:\Program Files (x86)\Microchip\xc8\v1.21\sources\pic18\plib\XLCD\setddram.c
		_SetDDRamAddr  		CODE           	2640	0000	86

C:\Program Files (x86)\Microchip\xc8\v1.21\sources\pic18\plib\XLCD\setddram.c estimated size: 86

C:\Program Files (x86)\Microchip\xc8\v1.21\sources\common\ftge.c
		___ftge        		CODE           	2202	0000	144

C:\Program Files (x86)\Microchip\xc8\v1.21\sources\common\ftge.c estimated size: 144

display.c
		_Display       		CODE           	26EA	0000	84

display.c estimated size: 84

C:\Program Files (x86)\Microchip\xc8\v1.21\sources\common\wmul.c
		___wmul        		CODE           	287C	0000	58

C:\Program Files (x86)\Microchip\xc8\v1.21\sources\common\wmul.c estimated size: 58

C:\Program Files (x86)\Microchip\xc8\v1.21\sources\pic18\plib\ADC\adcopen.c
		_OpenADC       		CODE           	25E4	0000	92

C:\Program Files (x86)\Microchip\xc8\v1.21\sources\pic18\plib\ADC\adcopen.c estimated size: 92

shared
		__stringdata   		SMALLCONST     	0876	0000	7
		__powers_      		SMALLCONST     	084F	0000	39
		_dpowers       		SMALLCONST     	0800	0000	40
		__npowers_     		SMALLCONST     	0828	0000	39
		__initializatio		CODE           	2696	0000	74

shared estimated size: 199

C:\Program Files (x86)\Microchip\xc8\v1.21\sources\common\doprnt.c
		_scale         		CODE           	12E0	0000	1104
		_sprintf       		CODE           	087E	0000	2658
		_fround        		CODE           	1730	0000	640

C:\Program Files (x86)\Microchip\xc8\v1.21\sources\common\doprnt.c estimated size: 4402

C:\Program Files (x86)\Microchip\xc8\v1.21\sources\common\llmod.c
		___llmod       		CODE           	2516	0000	106

C:\Program Files (x86)\Microchip\xc8\v1.21\sources\common\llmod.c estimated size: 106

C:\Program Files (x86)\Microchip\xc8\v1.21\sources\common\isdigit.c
		_isdigit       		CODE           	2942	0000	36

C:\Program Files (x86)\Microchip\xc8\v1.21\sources\common\isdigit.c estimated size: 36

C:\Program Files (x86)\Microchip\xc8\v1.21\sources\pic18\plib\ADC\adcbusy.c
		_BusyADC       		CODE           	2A3E	0000	6

C:\Program Files (x86)\Microchip\xc8\v1.21\sources\pic18\plib\ADC\adcbusy.c estimated size: 6

C:\Program Files (x86)\Microchip\xc8\v1.21\sources\common\ftdiv.c
		___ftdiv       		CODE           	1DAE	0000	254

C:\Program Files (x86)\Microchip\xc8\v1.21\sources\common\ftdiv.c estimated size: 254

xlcd.c
		_BusyXLCD      		CODE           	2988	0000	34
		_WriteCmdXLCD  		CODE           	29AA	0000	32
		_OpenXLCD      		CODE           	2080	0000	202
		_WriteDataXLCD 		CODE           	2966	0000	34

xlcd.c estimated size: 302

C:\Program Files (x86)\Microchip\xc8\v1.21\sources\common\lldiv.c
		___lldiv       		CODE           	2322	0000	134

C:\Program Files (x86)\Microchip\xc8\v1.21\sources\common\lldiv.c estimated size: 134

C:\Program Files (x86)\Microchip\xc8\v1.21\sources\common\ftsub.c
		___ftsub       		CODE           	28B6	0000	54

C:\Program Files (x86)\Microchip\xc8\v1.21\sources\common\ftsub.c estimated size: 54

C:\Program Files (x86)\Microchip\xc8\v1.21\sources\common\fldivl.c
		__div_to_l_    		CODE           	1EAC	0000	244

C:\Program Files (x86)\Microchip\xc8\v1.21\sources\common\fldivl.c estimated size: 244

C:\Program Files (x86)\Microchip\xc8\v1.21\sources\common\ftneg.c
		___ftneg       		CODE           	291C	0000	38

C:\Program Files (x86)\Microchip\xc8\v1.21\sources\common\ftneg.c estimated size: 38

main.c
		_main          		CODE           	24A0	0000	118

main.c estimated size: 118

adc_.c
		_ADC_Value     		CODE           	23A8	0000	124

adc_.c estimated size: 124

C:\Program Files (x86)\Microchip\xc8\v1.21\sources\pic18\d1ktcyx.c
		_Delay1KTCYx   		CODE           	2A0E	0000	14

C:\Program Files (x86)\Microchip\xc8\v1.21\sources\pic18\d1ktcyx.c estimated size: 14

C:\Program Files (x86)\Microchip\xc8\v1.21\sources\common\ftdivl.c
		__tdiv_to_l_   		CODE           	1B7C	0000	290

C:\Program Files (x86)\Microchip\xc8\v1.21\sources\common\ftdivl.c estimated size: 290

C:\Program Files (x86)\Microchip\xc8\v1.21\sources\common\awtoft.c
		___awtoft      		CODE           	2784	0000	68

C:\Program Files (x86)\Microchip\xc8\v1.21\sources\common\awtoft.c estimated size: 68

C:\Program Files (x86)\Microchip\xc8\v1.21\sources\pic18\asftsub.c
		___asftsub     		CODE           	27C8	0000	60

C:\Program Files (x86)\Microchip\xc8\v1.21\sources\pic18\asftsub.c estimated size: 60

C:\Program Files (x86)\Microchip\xc8\v1.21\sources\common\ftmul.c
		___ftmul       		CODE           	1C9E	0000	272

C:\Program Files (x86)\Microchip\xc8\v1.21\sources\common\ftmul.c estimated size: 272

C:\Program Files (x86)\Microchip\xc8\v1.21\sources\common\fttol.c
		___fttol       		CODE           	1FA0	0000	224

C:\Program Files (x86)\Microchip\xc8\v1.21\sources\common\fttol.c estimated size: 224

C:\Program Files (x86)\Microchip\xc8\v1.21\sources\pic18\plib\ADC\adcconv.c
		_ConvertADC    		CODE           	2A44	0000	4

C:\Program Files (x86)\Microchip\xc8\v1.21\sources\pic18\plib\ADC\adcconv.c estimated size: 4

C:\Program Files (x86)\Microchip\xc8\v1.21\sources\common\lltoft.c
		___lltoft      		CODE           	2580	0000	100

C:\Program Files (x86)\Microchip\xc8\v1.21\sources\common\lltoft.c estimated size: 100

C:\Program Files (x86)\Microchip\xc8\v1.21\sources\pic18\asftmul.c
		___asftmul     		CODE           	2804	0000	60

C:\Program Files (x86)\Microchip\xc8\v1.21\sources\pic18\asftmul.c estimated size: 60

delay.c
		_DelayFor18TCY 		CODE           	29CA	0000	32
		_DelayPORXLCD  		CODE           	2A00	0000	14

delay.c estimated size: 46

C:\Program Files (x86)\Microchip\xc8\v1.21\sources\pic18\d10ktcyx.c
		_Delay10KTCYx  		CODE           	29EA	0000	22

C:\Program Files (x86)\Microchip\xc8\v1.21\sources\pic18\d10ktcyx.c estimated size: 22

C:\Program Files (x86)\Microchip\xc8\v1.21\sources\common\awmod.c
		___awmod       		CODE           	2424	0000	124

C:\Program Files (x86)\Microchip\xc8\v1.21\sources\common\awmod.c estimated size: 124

C:\Program Files (x86)\Microchip\xc8\v1.21\sources\pic18\plib\XLCD\putsxlcd.c
		_putsXLCD      		CODE           	28EC	0000	48

C:\Program Files (x86)\Microchip\xc8\v1.21\sources\pic18\plib\XLCD\putsxlcd.c estimated size: 48

C:\Program Files (x86)\Microchip\xc8\v1.21\sources\pic18\plib\ADC\adcread.c
		_ReadADC       		CODE           	2A2A	0000	10

C:\Program Files (x86)\Microchip\xc8\v1.21\sources\pic18\plib\ADC\adcread.c estimated size: 10

C:\Program Files (x86)\Microchip\xc8\v1.21\sources\common\lwmod.c
		___lwmod       		CODE           	273E	0000	70

C:\Program Files (x86)\Microchip\xc8\v1.21\sources\common\lwmod.c estimated size: 70

C:\Program Files (x86)\Microchip\xc8\v1.21\sources\common\awdiv.c
		___awdiv       		CODE           	2292	0000	144

C:\Program Files (x86)\Microchip\xc8\v1.21\sources\common\awdiv.c estimated size: 144

C:\Program Files (x86)\Microchip\xc8\v1.21\sources\common\ftadd.c
		___ftadd       		CODE           	19B0	0000	460

C:\Program Files (x86)\Microchip\xc8\v1.21\sources\common\ftadd.c estimated size: 460

